Component: Arm Compiler for Embedded 6.23 Tool: armlink [5f102400]

==============================================================================

Section Cross References

    main.o(.text.main) refers to main.o(.text.All_Init) for All_Init
    main.o(.text.main) refers to main.o(.text.Dis_CD0) for Dis_CD0
    main.o(.text.main) refers to zf_common_clock.o(.data.system_clock) for system_clock
    main.o(.text.main) refers to zf_driver_pit.o(.text.pit_init) for pit_init
    main.o(.text.main) refers to main.o(.text.Scan_Key) for Scan_Key
    main.o(.text.main) refers to zf_device_mt9v03x.o(.bss.mt9v03x_finish_flag) for mt9v03x_finish_flag
    main.o(.text.main) refers to zf_device_mt9v03x.o(.bss.image_copy) for image_copy
    main.o(.text.main) refers to zf_device_mt9v03x.o(.bss.mt9v03x_image) for mt9v03x_image
    main.o(.text.main) refers to memcpya.o(.text) for __aeabi_memcpy
    main.o(.text.main) refers to zf_device_ips200.o(.text.ips200_show_gray_image) for ips200_show_gray_image
    main.o(.ARM.exidx.text.main) refers to main.o(.text.main) for [Anonymous Symbol]
    main.o(.text.All_Init) refers to zf_common_clock.o(.text.clock_init) for clock_init
    main.o(.text.All_Init) refers to zf_common_debug.o(.text.debug_init) for debug_init
    main.o(.text.All_Init) refers to zf_driver_delay.o(.text.system_delay_ms) for system_delay_ms
    main.o(.text.All_Init) refers to zf_device_ips200.o(.text.ips200_init) for ips200_init
    main.o(.text.All_Init) refers to zf_device_mt9v03x.o(.text.mt9v03x_init) for mt9v03x_init
    main.o(.text.All_Init) refers to main.o(.rodata.str1.1) for .L.str
    main.o(.text.All_Init) refers to zf_device_ips200.o(.text.ips200_show_string) for ips200_show_string
    main.o(.text.All_Init) refers to zf_driver_gpio.o(.text.gpio_init) for gpio_init
    main.o(.text.All_Init) refers to zf_driver_encoder.o(.text.encoder_quad_init) for encoder_quad_init
    main.o(.text.All_Init) refers to zf_device_ips200.o(.text.ips200_clear) for ips200_clear
    main.o(.ARM.exidx.text.All_Init) refers to main.o(.text.All_Init) for [Anonymous Symbol]
    main.o(.text.TIM2_IRQHandler) refers to main.o(.bss.T_Counter) for T_Counter
    main.o(.text.TIM2_IRQHandler) refers to main.o(.text.Dis_GB) for Dis_GB
    main.o(.ARM.exidx.text.TIM2_IRQHandler) refers to main.o(.text.TIM2_IRQHandler) for [Anonymous Symbol]
    main.o(.text.Scan_Key) refers to main.o(.bss.C_Num) for C_Num
    main.o(.text.Scan_Key) refers to zf_driver_gpio.o(.text.gpio_get_level) for gpio_get_level
    main.o(.text.Scan_Key) refers to zf_driver_delay.o(.text.system_delay_ms) for system_delay_ms
    main.o(.text.Scan_Key) refers to main.o(.data.G_Num) for G_Num
    main.o(.text.Scan_Key) refers to zf_device_ips200.o(.text.ips200_clear) for ips200_clear
    main.o(.text.Scan_Key) refers to main.o(.text.Dis_CD0) for Dis_CD0
    main.o(.text.Scan_Key) refers to main.o(.rodata.str1.1) for .L.str.2
    main.o(.text.Scan_Key) refers to zf_device_ips200.o(.text.ips200_show_string) for ips200_show_string
    main.o(.text.Scan_Key) refers to zf_device_ips200.o(.text.ips200_full) for ips200_full
    main.o(.text.Scan_Key) refers to main.o(.text.Dis_CD1) for Dis_CD1
    main.o(.text.Scan_Key) refers to main.o(.text.Dis_CD2) for Dis_CD2
    main.o(.text.Scan_Key) refers to main.o(.text.Dis_CD3) for Dis_CD3
    main.o(.ARM.exidx.text.Scan_Key) refers to main.o(.text.Scan_Key) for [Anonymous Symbol]
    main.o(.text.Dis_CD0) refers to main.o(.rodata.str1.1) for .L.str.3
    main.o(.text.Dis_CD0) refers to zf_device_ips200.o(.text.ips200_show_string) for ips200_show_string
    main.o(.ARM.exidx.text.Dis_CD0) refers to main.o(.text.Dis_CD0) for [Anonymous Symbol]
    main.o(.text.Dis_CD1) refers to main.o(.rodata.str1.1) for .L.str.9
    main.o(.text.Dis_CD1) refers to zf_device_ips200.o(.text.ips200_show_string) for ips200_show_string
    main.o(.ARM.exidx.text.Dis_CD1) refers to main.o(.text.Dis_CD1) for [Anonymous Symbol]
    main.o(.text.Dis_CD2) refers to main.o(.rodata.str1.1) for .L.str.8
    main.o(.text.Dis_CD2) refers to zf_device_ips200.o(.text.ips200_show_string) for ips200_show_string
    main.o(.text.Dis_CD2) refers to main.o(.data.Kp) for Kp
    main.o(.text.Dis_CD2) refers to zf_device_ips200.o(.text.ips200_show_int) for ips200_show_int
    main.o(.text.Dis_CD2) refers to main.o(.data.Ki) for Ki
    main.o(.text.Dis_CD2) refers to main.o(.data.Kd) for Kd
    main.o(.text.Dis_CD2) refers to main.o(.data.Speed) for Speed
    main.o(.ARM.exidx.text.Dis_CD2) refers to main.o(.text.Dis_CD2) for [Anonymous Symbol]
    main.o(.text.Dis_CD3) refers to main.o(.rodata.str1.1) for .L.str.8
    main.o(.text.Dis_CD3) refers to zf_device_ips200.o(.text.ips200_show_string) for ips200_show_string
    main.o(.text.Dis_CD3) refers to main.o(.data.Kp) for Kp
    main.o(.text.Dis_CD3) refers to zf_device_ips200.o(.text.ips200_show_int) for ips200_show_int
    main.o(.text.Dis_CD3) refers to main.o(.data.Ki) for Ki
[...]
    [Anonymous Symbol]                       0x0800492c   Section        0  zf_device_ips200.o(.text.ips200_write_16bit_data)
    ips200_write_8bit_data                   0x08004a05   Thumb Code   174  zf_device_ips200.o(.text.ips200_write_8bit_data)
    [Anonymous Symbol]                       0x08004a04   Section        0  zf_device_ips200.o(.text.ips200_write_8bit_data)
    ips200_write_command                     0x08004ab5   Thumb Code   234  zf_device_ips200.o(.text.ips200_write_command)
    [Anonymous Symbol]                       0x08004ab4   Section        0  zf_device_ips200.o(.text.ips200_write_command)
    [Anonymous Symbol]                       0x08004ba0   Section        0  main.o(.text.main)
    mt9v03x_dma_handler                      0x08004c35   Thumb Code    22  zf_device_mt9v03x.o(.text.mt9v03x_dma_handler)
    [Anonymous Symbol]                       0x08004c34   Section        0  zf_device_mt9v03x.o(.text.mt9v03x_dma_handler)
    mt9v03x_get_config                       0x08004c4d   Thumb Code   290  zf_device_mt9v03x.o(.text.mt9v03x_get_config)
    [Anonymous Symbol]                       0x08004c4c   Section        0  zf_device_mt9v03x.o(.text.mt9v03x_get_config)
    [Anonymous Symbol]                       0x08004d70   Section        0  zf_device_mt9v03x.o(.text.mt9v03x_get_version)
    [Anonymous Symbol]                       0x08004e10   Section        0  zf_device_mt9v03x.o(.text.mt9v03x_init)
    mt9v03x_read_word_sccb                   0x08004fb5   Thumb Code    60  zf_device_config.o(.text.mt9v03x_read_word_sccb)
    [Anonymous Symbol]                       0x08004fb4   Section        0  zf_device_config.o(.text.mt9v03x_read_word_sccb)
    mt9v03x_set_config                       0x08004ff1   Thumb Code   248  zf_device_mt9v03x.o(.text.mt9v03x_set_config)
    [Anonymous Symbol]                       0x08004ff0   Section        0  zf_device_mt9v03x.o(.text.mt9v03x_set_config)
    [Anonymous Symbol]                       0x080050e8   Section        0  zf_device_config.o(.text.mt9v03x_set_config_sccb)
    mt9v03x_uart_handler                     0x08005a99   Thumb Code    64  zf_device_mt9v03x.o(.text.mt9v03x_uart_handler)
    [Anonymous Symbol]                       0x08005a98   Section        0  zf_device_mt9v03x.o(.text.mt9v03x_uart_handler)
    mt9v03x_vsync_handler                    0x08005ad9   Thumb Code    54  zf_device_mt9v03x.o(.text.mt9v03x_vsync_handler)
    [Anonymous Symbol]                       0x08005ad8   Section        0  zf_device_mt9v03x.o(.text.mt9v03x_vsync_handler)
    mt9v03x_write_word_sccb                  0x08005b11   Thumb Code    50  zf_device_config.o(.text.mt9v03x_write_word_sccb)
    [Anonymous Symbol]                       0x08005b10   Section        0  zf_device_config.o(.text.mt9v03x_write_word_sccb)
    [Anonymous Symbol]                       0x08005b44   Section        0  zf_driver_pit.o(.text.pit_init)
    [Anonymous Symbol]                       0x08005c78   Section        0  zf_device_type.o(.text.set_camera_type)
    [Anonymous Symbol]                       0x08005d04   Section        0  zf_driver_soft_iic.o(.text.soft_iic_init)
    [Anonymous Symbol]                       0x08005d94   Section        0  zf_driver_soft_iic.o(.text.soft_iic_read_8bit_registers)
    soft_iic_read_data                       0x08005e2d   Thumb Code   356  zf_driver_soft_iic.o(.text.soft_iic_read_data)
    [Anonymous Symbol]                       0x08005e2c   Section        0  zf_driver_soft_iic.o(.text.soft_iic_read_data)
    [Anonymous Symbol]                       0x08005f90   Section        0  zf_driver_soft_iic.o(.text.soft_iic_sccb_read_register)
    [Anonymous Symbol]                       0x08006008   Section        0  zf_driver_soft_iic.o(.text.soft_iic_sccb_write_register)
    soft_iic_send_ack                        0x08006061   Thumb Code   282  zf_driver_soft_iic.o(.text.soft_iic_send_ack)
    [Anonymous Symbol]                       0x08006060   Section        0  zf_driver_soft_iic.o(.text.soft_iic_send_ack)
    soft_iic_send_data                       0x0800617d   Thumb Code   296  zf_driver_soft_iic.o(.text.soft_iic_send_data)
    [Anonymous Symbol]                       0x0800617c   Section        0  zf_driver_soft_iic.o(.text.soft_iic_send_data)
    soft_iic_start                           0x080062a5   Thumb Code   218  zf_driver_soft_iic.o(.text.soft_iic_start)
    [Anonymous Symbol]                       0x080062a4   Section        0  zf_driver_soft_iic.o(.text.soft_iic_start)
    soft_iic_stop                            0x08006381   Thumb Code   218  zf_driver_soft_iic.o(.text.soft_iic_stop)
    [Anonymous Symbol]                       0x08006380   Section        0  zf_driver_soft_iic.o(.text.soft_iic_stop)
    soft_iic_wait_ack                        0x0800645d   Thumb Code   248  zf_driver_soft_iic.o(.text.soft_iic_wait_ack)
    [Anonymous Symbol]                       0x0800645c   Section        0  zf_driver_soft_iic.o(.text.soft_iic_wait_ack)
    [Anonymous Symbol]                       0x08006554   Section        0  zf_driver_soft_iic.o(.text.soft_iic_write_8bit_register)
    [Anonymous Symbol]                       0x080065ac   Section        0  zf_driver_spi.o(.text.spi_init)
    [Anonymous Symbol]                       0x08006914   Section        0  zf_driver_spi.o(.text.spi_write_16bit)
    [Anonymous Symbol]                       0x080069cc   Section        0  zf_driver_spi.o(.text.spi_write_8bit)
    [Anonymous Symbol]                       0x08006a54   Section        0  zf_driver_delay.o(.text.system_delay_ms)
    [Anonymous Symbol]                       0x08006af0   Section        0  zf_driver_timer.o(.text.timer_clear)
    [Anonymous Symbol]                       0x08006ba4   Section        0  zf_driver_timer.o(.text.timer_clock_enable)
    [Anonymous Symbol]                       0x08006c5c   Section        0  zf_driver_timer.o(.text.timer_etr_init)
    [Anonymous Symbol]                       0x08006d88   Section        0  zf_driver_timer.o(.text.timer_funciton_check)
    [Anonymous Symbol]                       0x08006df0   Section        0  zf_driver_timer.o(.text.timer_get)
    [Anonymous Symbol]                       0x08006ea8   Section        0  zf_device_tsl1401.o(.text.tsl1401_collect_pit_handler)
    type_default_callback                    0x08006f89   Thumb Code     2  zf_device_type.o(.text.type_default_callback)
    [Anonymous Symbol]                       0x08006f88   Section        0  zf_device_type.o(.text.type_default_callback)
    [Anonymous Symbol]                       0x08006f8c   Section        0  zf_driver_uart.o(.text.uart_init)
    [Anonymous Symbol]                       0x08007218   Section        0  zf_driver_uart.o(.text.uart_query_byte)
    [Anonymous Symbol]                       0x08007280   Section        0  zf_driver_uart.o(.text.uart_rx_interrupt)
    [Anonymous Symbol]                       0x08007320   Section        0  zf_driver_uart.o(.text.uart_write_buffer)
    [Anonymous Symbol]                       0x0800738c   Section        0  zf_driver_uart.o(.text.uart_write_byte)
    [Anonymous Symbol]                       0x080073cc   Section        0  zf_driver_uart.o(.text.uart_write_string)
    i.__0sprintf                             0x0800740c   Section        0  printfa.o(i.__0sprintf)
    i.__scatterload_copy                     0x08007434   Section       14  handlers.o(i.__scatterload_copy)
    i.__scatterload_null                     0x08007442   Section        2  handlers.o(i.__scatterload_null)
    i.__scatterload_zeroinit                 0x08007444   Section       14  handlers.o(i.__scatterload_zeroinit)
    _fp_digits                               0x08007455   Thumb Code   366  printfa.o(i._fp_digits)
    i._fp_digits                             0x08007454   Section        0  printfa.o(i._fp_digits)
    _printf_core                             0x080075d9   Thumb Code  1744  printfa.o(i._printf_core)
    i._printf_core                           0x080075d8   Section        0  printfa.o(i._printf_core)
    _printf_post_padding                     0x08007cb5   Thumb Code    36  printfa.o(i._printf_post_padding)
    i._printf_post_padding                   0x08007cb4   Section        0  printfa.o(i._printf_post_padding)
    _printf_pre_padding                      0x08007cd9   Thumb Code    46  printfa.o(i._printf_pre_padding)
    i._printf_pre_padding                    0x08007cd8   Section        0  printfa.o(i._printf_pre_padding)
    _sputc                                   0x08007d07   Thumb Code    10  printfa.o(i._sputc)
    i._sputc                                 0x08007d06   Section        0  printfa.o(i._sputc)
    .L__const.debug_protective_handler.pin_list 0x08007d10   Data         172  zf_common_debug.o(.rodata..L__const.debug_protective_handler.pin_list)
    .L.str.13                                0x080085d4   Data          11  main.o(.rodata.str1.1)
    [Anonymous Symbol]                       0x080085d4   Section        0  main.o(.rodata.str1.1)
    .L.str.16                                0x080085df   Data          11  main.o(.rodata.str1.1)
    .L.str.15                                0x080085ea   Data          11  main.o(.rodata.str1.1)
    .L.str.14                                0x080085f5   Data          11  main.o(.rodata.str1.1)
    .L.str.9                                 0x08008600   Data          11  main.o(.rodata.str1.1)
    .L.str.6                                 0x0800860b   Data          11  main.o(.rodata.str1.1)
    .L.str.7                                 0x08008616   Data          11  main.o(.rodata.str1.1)
    .L.str.10                                0x08008621   Data          11  main.o(.rodata.str1.1)
    .L.str.11                                0x0800862c   Data          11  main.o(.rodata.str1.1)
    .L.str.12                                0x08008637   Data          11  main.o(.rodata.str1.1)
    .L.str.5                                 0x08008642   Data          11  main.o(.rodata.str1.1)
    .L.str.17                                0x0800864d   Data          11  main.o(.rodata.str1.1)
    .L.str.8                                 0x08008658   Data          11  main.o(.rodata.str1.1)
    .L.str.3                                 0x08008663   Data          11  main.o(.rodata.str1.1)
    .L.str.18                                0x0800866c   Data           2  main.o(.rodata.str1.1)
    .L.str.2                                 0x0800866e   Data           5  main.o(.rodata.str1.1)
    .L.str.1                                 0x08008673   Data          14  main.o(.rodata.str1.1)
    .L.str                                   0x08008681   Data          16  main.o(.rodata.str1.1)
    .L.str.4                                 0x08008691   Data           2  main.o(.rodata.str1.1)
    .L.str.6                                 0x08008693   Data          21  zf_common_debug.o(.rodata.str1.1)
    [Anonymous Symbol]                       0x08008693   Section        0  zf_common_debug.o(.rodata.str1.1)
    .L.str.5                                 0x080086a8   Data          25  zf_common_debug.o(.rodata.str1.1)
    .L.str.4                                 0x080086c1   Data           9  zf_common_debug.o(.rodata.str1.1)
    .L.str.1                                 0x080086ca   Data          12  zf_common_debug.o(.rodata.str1.1)
    .L.str                                   0x080086d6   Data          13  zf_common_debug.o(.rodata.str1.1)
    .L.str.2                                 0x080086e3   Data           9  zf_common_debug.o(.rodata.str1.1)
    .L.str.3                                 0x080086ec   Data          13  zf_common_debug.o(.rodata.str1.1)
    .L.str                                   0x080086f9   Data          43  zf_common_fifo.o(.rodata.str1.1)
    [Anonymous Symbol]                       0x080086f9   Section        0  zf_common_fifo.o(.rodata.str1.1)
    .L.str                                   0x08008724   Data          47  zf_common_function.o(.rodata.str1.1)
    [Anonymous Symbol]                       0x08008724   Section        0  zf_common_function.o(.rodata.str1.1)
    .L.str                                   0x08008753   Data          44  zf_driver_delay.o(.rodata.str1.1)
    [Anonymous Symbol]                       0x08008753   Section        0  zf_driver_delay.o(.rodata.str1.1)
    .L.str                                   0x0800877f   Data          46  zf_driver_encoder.o(.rodata.str1.1)
    [Anonymous Symbol]                       0x0800877f   Section        0  zf_driver_encoder.o(.rodata.str1.1)
    .L.str                                   0x080087ad   Data          42  zf_driver_pit.o(.rodata.str1.1)
    [Anonymous Symbol]                       0x080087ad   Section        0  zf_driver_pit.o(.rodata.str1.1)
    .L.str                                   0x080087d7   Data          47  zf_driver_soft_iic.o(.rodata.str1.1)
    [Anonymous Symbol]                       0x080087d7   Section        0  zf_driver_soft_iic.o(.rodata.str1.1)
    .L.str                                   0x08008806   Data          42  zf_driver_spi.o(.rodata.str1.1)
    [Anonymous Symbol]                       0x08008806   Section        0  zf_driver_spi.o(.rodata.str1.1)
    .L.str                                   0x08008830   Data          44  zf_driver_timer.o(.rodata.str1.1)
    [Anonymous Symbol]                       0x08008830   Section        0  zf_driver_timer.o(.rodata.str1.1)
    .L.str                                   0x0800885c   Data          43  zf_driver_uart.o(.rodata.str1.1)
    [Anonymous Symbol]                       0x0800885c   Section        0  zf_driver_uart.o(.rodata.str1.1)
    .L.str.1                                 0x08008887   Data           4  zf_device_gps_tau1201.o(.rodata.str1.1)
    [Anonymous Symbol]                       0x08008887   Section        0  zf_device_gps_tau1201.o(.rodata.str1.1)
    .L.str                                   0x0800888b   Data           4  zf_device_gps_tau1201.o(.rodata.str1.1)
    .L.str                                   0x0800888f   Data          45  zf_device_ips200.o(.rodata.str1.1)
    [Anonymous Symbol]                       0x0800888f   Section        0  zf_device_ips200.o(.rodata.str1.1)
    .L.str.2                                 0x080088bc   Data          26  zf_device_mt9v03x.o(.rodata.str1.1)
    [Anonymous Symbol]                       0x080088bc   Section        0  zf_device_mt9v03x.o(.rodata.str1.1)
    .L.str                                   0x080088d6   Data          26  zf_device_mt9v03x.o(.rodata.str1.1)
    .L.str.1                                 0x080088f0   Data          46  zf_device_mt9v03x.o(.rodata.str1.1)
    adc_index                                0x20000014   Data           8  zf_driver_adc.o(.data.adc_index)
    [Anonymous Symbol]                       0x20000014   Section        0  zf_driver_adc.o(.data.adc_index)
    dm1xa_distance_mm                        0x2000002a   Data           2  zf_device_dm1xa.o(.data.dm1xa_distance_mm)
    [Anonymous Symbol]                       0x2000002a   Section        0  zf_device_dm1xa.o(.data.dm1xa_distance_mm)
    dma_index                                0x2000002c   Data           8  zf_driver_dma.o(.data.dma_index)
    [Anonymous Symbol]                       0x2000002c   Section        0  zf_driver_dma.o(.data.dma_index)
    ips200_bgcolor                           0x20000054   Data           2  zf_device_ips200.o(.data.ips200_bgcolor)
    [Anonymous Symbol]                       0x20000054   Section        0  zf_device_ips200.o(.data.ips200_bgcolor)
    ips200_display_font                      0x20000056   Data           1  zf_device_ips200.o(.data.ips200_display_font)
    [Anonymous Symbol]                       0x20000056   Section        0  zf_device_ips200.o(.data.ips200_display_font)
    ips200_pencolor                          0x20000058   Data           2  zf_device_ips200.o(.data.ips200_pencolor)
    [Anonymous Symbol]                       0x20000058   Section        0  zf_device_ips200.o(.data.ips200_pencolor)
    ips200_x_max                             0x2000005a   Data           2  zf_device_ips200.o(.data.ips200_x_max)
    [Anonymous Symbol]                       0x2000005a   Section        0  zf_device_ips200.o(.data.ips200_x_max)
    ips200_y_max                             0x2000005c   Data           2  zf_device_ips200.o(.data.ips200_y_max)
    [Anonymous Symbol]                       0x2000005c   Section        0  zf_device_ips200.o(.data.ips200_y_max)
    ips_bl_pin                               0x2000005e   Data           1  zf_device_ips200.o(.data.ips_bl_pin)
    [Anonymous Symbol]                       0x2000005e   Section        0  zf_device_ips200.o(.data.ips_bl_pin)
    ips_cs_pin                               0x2000005f   Data           1  zf_device_ips200.o(.data.ips_cs_pin)
    [Anonymous Symbol]                       0x2000005f   Section        0  zf_device_ips200.o(.data.ips_cs_pin)
    ips_rst_pin                              0x20000060   Data           1  zf_device_ips200.o(.data.ips_rst_pin)
    [Anonymous Symbol]                       0x20000060   Section        0  zf_device_ips200.o(.data.ips_rst_pin)
    mt9v03x_get_confing_buffer               0x20000062   Data          36  zf_device_mt9v03x.o(.data.mt9v03x_get_confing_buffer)
    [Anonymous Symbol]                       0x20000062   Section        0  zf_device_mt9v03x.o(.data.mt9v03x_get_confing_buffer)
    mt9v03x_set_confing_buffer               0x20000086   Data          40  zf_device_mt9v03x.o(.data.mt9v03x_set_confing_buffer)
    [Anonymous Symbol]                       0x20000086   Section        0  zf_device_mt9v03x.o(.data.mt9v03x_set_confing_buffer)
    mt9v03x_type                             0x200000ae   Data           1  zf_device_mt9v03x.o(.data.mt9v03x_type)
    [Anonymous Symbol]                       0x200000ae   Section        0  zf_device_mt9v03x.o(.data.mt9v03x_type)
    spi_index                                0x200000b0   Data           8  zf_driver_spi.o(.data.spi_index)
    [Anonymous Symbol]                       0x200000b0   Section        0  zf_driver_spi.o(.data.spi_index)
    uart_index                               0x200000bc   Data          32  zf_driver_uart.o(.data.uart_index)
    [Anonymous Symbol]                       0x200000bc   Section        0  zf_driver_uart.o(.data.uart_index)
    uart_irq                                 0x200000dc   Data           8  zf_driver_uart.o(.data.uart_irq)
    [Anonymous Symbol]                       0x200000dc   Section        0  zf_driver_uart.o(.data.uart_irq)
    zf_debug_assert_enable                   0x200000e8   Data           1  zf_common_debug.o(.data.zf_debug_assert_enable)
    [Anonymous Symbol]                       0x200000e8   Section        0  zf_common_debug.o(.data.zf_debug_assert_enable)
    adc_resolution                           0x200000ee   Data           2  zf_driver_adc.o(.bss.adc_resolution)
    [Anonymous Symbol]                       0x200000ee   Section        0  zf_driver_adc.o(.bss.adc_resolution)
    debug_assert_handler.assert_nest_index   0x20000111   Data           1  zf_common_debug.o(.bss.debug_assert_handler.assert_nest_index)
    [Anonymous Symbol]                       0x20000111   Section        0  zf_common_debug.o(.bss.debug_assert_handler.assert_nest_index)
    debug_output_info                        0x20000114   Data          20  zf_common_debug.o(.bss.debug_output_info)
    [Anonymous Symbol]                       0x20000114   Section        0  zf_common_debug.o(.bss.debug_output_info)
    dl1a_iic_struct                          0x2000012c   Data          16  zf_device_dl1a.o(.bss.dl1a_iic_struct)
    [Anonymous Symbol]                       0x2000012c   Section        0  zf_device_dl1a.o(.bss.dl1a_iic_struct)
    dm1xa_plus_count                         0x2000013c   Data           4  zf_device_dm1xa.o(.bss.dm1xa_plus_count)
    [Anonymous Symbol]                       0x2000013c   Section        0  zf_device_dm1xa.o(.bss.dm1xa_plus_count)
    dm1xa_ranging_state                      0x20000140   Data           1  zf_device_dm1xa.o(.bss.dm1xa_ranging_state)
    [Anonymous Symbol]                       0x20000140   Section        0  zf_device_dm1xa.o(.bss.dm1xa_ranging_state)
    dm1xa_type                               0x20000141   Data           1  zf_device_dm1xa.o(.bss.dm1xa_type)
    [Anonymous Symbol]                       0x20000141   Section        0  zf_device_dm1xa.o(.bss.dm1xa_type)
    gps_gga_buffer                           0x20000142   Data         128  zf_device_gps_tau1201.o(.bss.gps_gga_buffer)
    [Anonymous Symbol]                       0x20000142   Section        0  zf_device_gps_tau1201.o(.bss.gps_gga_buffer)
    gps_rmc_buffer                           0x200001c3   Data         128  zf_device_gps_tau1201.o(.bss.gps_rmc_buffer)
    [Anonymous Symbol]                       0x200001c3   Section        0  zf_device_gps_tau1201.o(.bss.gps_rmc_buffer)
    gps_tau1201_receiver_fifo                0x20000248   Data          24  zf_device_gps_tau1201.o(.bss.gps_tau1201_receiver_fifo)
    [Anonymous Symbol]                       0x20000248   Section        0  zf_device_gps_tau1201.o(.bss.gps_tau1201_receiver_fifo)
    gps_tau1201_state                        0x20000260   Data           1  zf_device_gps_tau1201.o(.bss.gps_tau1201_state)
    [Anonymous Symbol]                       0x20000260   Section        0  zf_device_gps_tau1201.o(.bss.gps_tau1201_state)
    interrupt_nest_count                     0x20005a84   Data           4  zf_common_interrupt.o(.bss.interrupt_nest_count)
    [Anonymous Symbol]                       0x20005a84   Section        0  zf_common_interrupt.o(.bss.interrupt_nest_count)
    ips200_display_dir                       0x20005a88   Data           1  zf_device_ips200.o(.bss.ips200_display_dir)
    [Anonymous Symbol]                       0x20005a88   Section        0  zf_device_ips200.o(.bss.ips200_display_dir)
    ips200_display_type                      0x20005a89   Data           1  zf_device_ips200.o(.bss.ips200_display_type)
    [Anonymous Symbol]                       0x20005a89   Section        0  zf_device_ips200.o(.bss.ips200_display_type)
    mt9v03x_h_blank                          0x20005a8c   Data           4  zf_device_config.o(.bss.mt9v03x_h_blank)
    [Anonymous Symbol]                       0x20005a8c   Section        0  zf_device_config.o(.bss.mt9v03x_h_blank)
    mt9v03x_iic_inf_struct                   0x20005a90   Data          16  zf_device_config.o(.bss.mt9v03x_iic_inf_struct)
    [Anonymous Symbol]                       0x20005a90   Section        0  zf_device_config.o(.bss.mt9v03x_iic_inf_struct)
    mt9v03x_init_config                      0x2000b2c0   Data          20  zf_device_config.o(.bss.mt9v03x_init_config)
    [Anonymous Symbol]                       0x2000b2c0   Section        0  zf_device_config.o(.bss.mt9v03x_init_config)
    mt9v03x_v_blank                          0x2000b2d4   Data           4  zf_device_config.o(.bss.mt9v03x_v_blank)
    [Anonymous Symbol]                       0x2000b2d4   Section        0  zf_device_config.o(.bss.mt9v03x_v_blank)
    mt9v03x_version                          0x2000b2d8   Data           2  zf_device_mt9v03x.o(.bss.mt9v03x_version)
    [Anonymous Symbol]                       0x2000b2d8   Section        0  zf_device_mt9v03x.o(.bss.mt9v03x_version)
    timer_function_state                     0x2000b2da   Data           8  zf_driver_timer.o(.bss.timer_function_state)
    [Anonymous Symbol]                       0x2000b2da   Section        0  zf_driver_timer.o(.bss.timer_function_state)
    timer_mode_state                         0x2000b2e2   Data           8  zf_driver_timer.o(.bss.timer_mode_state)
    [Anonymous Symbol]                       0x2000b2e2   Section        0  zf_driver_timer.o(.bss.timer_mode_state)
    tsl1401_init_state                       0x2000b4eb   Data           1  zf_device_tsl1401.o(.bss.tsl1401_init_state)
    [Anonymous Symbol]                       0x2000b4eb   Section        0  zf_device_tsl1401.o(.bss.tsl1401_init_state)
    uart_interrupt_state                     0x2000b4ec   Data           8  zf_driver_uart.o(.bss.uart_interrupt_state)
    [Anonymous Symbol]                       0x2000b4ec   Section        0  zf_driver_uart.o(.bss.uart_interrupt_state)
    zf_debug_init_flag                       0x2000b4f4   Data           1  zf_common_debug.o(.bss.zf_debug_init_flag)
    [Anonymous Symbol]                       0x2000b4f4   Section        0  zf_common_debug.o(.bss.zf_debug_init_flag)

    Global Symbols

    Symbol Name                              Value     Ov Type        Size  Object(Section)

    BuildAttributes$$THM_ISAv4$P$D$K$B$S$PE$A:L22UL41UL21$X:L11$S22US41US21$IEEE1$IW$~IW$USESV6$~STKCKD$USESV7$~SHL$OTIME$ROPI$IEEEX$EBA8$MICROLIB$REQ8$PRES8$EABIv2 0x00000000   Number         0  anon$$obj.o ABSOLUTE
    __cpp_initialize__aeabi_                  - Undefined Weak Reference
    __cxa_finalize                            - Undefined Weak Reference
    __decompress                              - Undefined Weak Reference
    _clock_init                               - Undefined Weak Reference
    _microlib_exit                            - Undefined Weak Reference
    __Vectors_Size                           0x00000190   Number         0  startup_mm32f3277g.o ABSOLUTE
    __Vectors                                0x08000000   Data           4  startup_mm32f3277g.o(RESET)
    __Vectors_End                            0x08000190   Data           0  startup_mm32f3277g.o(RESET)
    __main                                   0x08000401   Thumb Code     0  entry.o(.ARM.Collect$$$$00000000)
    _main_stk                                0x08000401   Thumb Code     0  entry4.o(.ARM.Collect$$$$00000003)
    _main_scatterload                        0x08000405   Thumb Code     0  entry5.o(.ARM.Collect$$$$00000004)
    __main_after_scatterload                 0x08000409   Thumb Code     0  entry5.o(.ARM.Collect$$$$00000004)
    _main_clock                              0x08000409   Thumb Code     0  entry7b.o(.ARM.Collect$$$$00000008)
    _main_cpp_init                           0x08000409   Thumb Code     0  entry8b.o(.ARM.Collect$$$$0000000A)
    _main_init                               0x08000409   Thumb Code     0  entry9a.o(.ARM.Collect$$$$0000000B)
    __rt_final_cpp                           0x08000411   Thumb Code     0  entry10a.o(.ARM.Collect$$$$0000000D)
    __rt_final_exit                          0x08000411   Thumb Code     0  entry11a.o(.ARM.Collect$$$$0000000F)
    Reset_Handler                            0x08000415   Thumb Code     8  startup_mm32f3277g.o(.text)
    NMI_Handler                              0x0800041d   Thumb Code     2  startup_mm32f3277g.o(.text)
    HardFault_Handler                        0x0800041f   Thumb Code     2  startup_mm32f3277g.o(.text)
    MemManage_Handler                        0x08000421   Thumb Code     2  startup_mm32f3277g.o(.text)
    BusFault_Handler                         0x08000423   Thumb Code     2  startup_mm32f3277g.o(.text)
    UsageFault_Handler                       0x08000425   Thumb Code     2  startup_mm32f3277g.o(.text)
    SVC_Handler                              0x08000427   Thumb Code     2  startup_mm32f3277g.o(.text)
    DebugMon_Handler                         0x08000429   Thumb Code     2  startup_mm32f3277g.o(.text)
    PendSV_Handler                           0x0800042b   Thumb Code     2  startup_mm32f3277g.o(.text)
    SysTick_Handler                          0x0800042d   Thumb Code     2  startup_mm32f3277g.o(.text)
    ADC1_2_IRQHandler                        0x0800042f   Thumb Code     0  startup_mm32f3277g.o(.text)
    ADC3_IRQHandler                          0x0800042f   Thumb Code     0  startup_mm32f3277g.o(.text)
    CAN1_RX_IRQHandler                       0x0800042f   Thumb Code     0  startup_mm32f3277g.o(.text)
    COMP1_2_IRQHandler                       0x0800042f   Thumb Code     0  startup_mm32f3277g.o(.text)
    ETH_IRQHandler                           0x0800042f   Thumb Code     0  startup_mm32f3277g.o(.text)
    FLASH_IRQHandler                         0x0800042f   Thumb Code     0  startup_mm32f3277g.o(.text)
    FlashCache_IRQHandler                    0x0800042f   Thumb Code     0  startup_mm32f3277g.o(.text)
    I2C1_IRQHandler                          0x0800042f   Thumb Code     0  startup_mm32f3277g.o(.text)
    I2C2_IRQHandler                          0x0800042f   Thumb Code     0  startup_mm32f3277g.o(.text)
    OTG_FS_IRQHandler                        0x0800042f   Thumb Code     0  startup_mm32f3277g.o(.text)
    OTG_FS_WKUP_IRQHandler                   0x0800042f   Thumb Code     0  startup_mm32f3277g.o(.text)
    PVD_IRQHandler                           0x0800042f   Thumb Code     0  startup_mm32f3277g.o(.text)
    RCC_CRS_IRQHandler                       0x0800042f   Thumb Code     0  startup_mm32f3277g.o(.text)
    RTCAlarm_IRQHandler                      0x0800042f   Thumb Code     0  startup_mm32f3277g.o(.text)
    RTC_IRQHandler                           0x0800042f   Thumb Code     0  startup_mm32f3277g.o(.text)
    SDIO_IRQHandler                          0x0800042f   Thumb Code     0  startup_mm32f3277g.o(.text)
    SPI1_IRQHandler                          0x0800042f   Thumb Code     0  startup_mm32f3277g.o(.text)
    SPI2_IRQHandler                          0x0800042f   Thumb Code     0  startup_mm32f3277g.o(.text)
    SPI3_IRQHandler                          0x0800042f   Thumb Code     0  startup_mm32f3277g.o(.text)
    TAMPER_IRQHandler                        0x0800042f   Thumb Code     0  startup_mm32f3277g.o(.text)
    TIM1_BRK_IRQHandler                      0x0800042f   Thumb Code     0  startup_mm32f3277g.o(.text)
    TIM1_CC_IRQHandler                       0x0800042f   Thumb Code     0  startup_mm32f3277g.o(.text)
    TIM1_TRG_COM_IRQHandler                  0x0800042f   Thumb Code     0  startup_mm32f3277g.o(.text)
    TIM8_BRK_IRQHandler                      0x0800042f   Thumb Code     0  startup_mm32f3277g.o(.text)
    TIM8_CC_IRQHandler                       0x0800042f   Thumb Code     0  startup_mm32f3277g.o(.text)
    TIM8_TRG_COM_IRQHandler                  0x0800042f   Thumb Code     0  startup_mm32f3277g.o(.text)
    WWDG_IRQHandler                          0x0800042f   Thumb Code     0  startup_mm32f3277g.o(.text)
    __aeabi_memcpy                           0x08000439   Thumb Code    36  memcpya.o(.text)
    __aeabi_memcpy4                          0x08000439   Thumb Code     0  memcpya.o(.text)
    __aeabi_memcpy8                          0x08000439   Thumb Code     0  memcpya.o(.text)
    __aeabi_memset                           0x0800045d   Thumb Code    14  memseta.o(.text)
    __aeabi_memset4                          0x0800045d   Thumb Code     0  memseta.o(.text)
    __aeabi_memset8                          0x0800045d   Thumb Code     0  memseta.o(.text)
    __aeabi_memclr                           0x0800046b   Thumb Code     4  memseta.o(.text)
    __aeabi_memclr4                          0x0800046b   Thumb Code     0  memseta.o(.text)
    __aeabi_memclr8                          0x0800046b   Thumb Code     0  memseta.o(.text)
    _memset$wrapper                          0x0800046f   Thumb Code    18  memseta.o(.text)
    strlen                                   0x08000481   Thumb Code    14  strlen.o(.text)
    strncmp                                  0x0800048f   Thumb Code    30  strncmp.o(.text)
    __aeabi_dadd                             0x080004ad   Thumb Code   322  dadd.o(.text)
    __aeabi_dsub                             0x080005ef   Thumb Code     6  dadd.o(.text)
    __aeabi_drsub                            0x080005f5   Thumb Code     6  dadd.o(.text)
    __aeabi_dmul                             0x080005fb   Thumb Code   228  dmul.o(.text)
    __aeabi_ddiv                             0x080006df   Thumb Code   222  ddiv.o(.text)
    __aeabi_ui2f                             0x080007bd   Thumb Code    10  ffltui.o(.text)
    __aeabi_d2iz                             0x080007c7   Thumb Code    62  dfixi.o(.text)
    __aeabi_f2d                              0x08000805   Thumb Code    38  f2d.o(.text)
    __aeabi_uidiv                            0x0800082b   Thumb Code     0  uidiv.o(.text)
    __aeabi_uidivmod                         0x0800082b   Thumb Code    44  uidiv.o(.text)
    __aeabi_uldivmod                         0x08000857   Thumb Code    98  uldiv.o(.text)
    __aeabi_llsl                             0x080008b9   Thumb Code    30  llshl.o(.text)
    _ll_shift_l                              0x080008b9   Thumb Code     0  llshl.o(.text)
    __aeabi_llsr                             0x080008d7   Thumb Code    32  llushr.o(.text)
    _ll_ushift_r                             0x080008d7   Thumb Code     0  llushr.o(.text)
    __aeabi_lasr                             0x080008f7   Thumb Code    36  llsshr.o(.text)
    _ll_sshift_r                             0x080008f7   Thumb Code     0  llsshr.o(.text)
    __I$use$fp                               0x0800091b   Thumb Code     0  iusefp.o(.text)
    _float_round                             0x0800091b   Thumb Code    18  fepilogue.o(.text)
    _float_epilogue                          0x0800092d   Thumb Code    92  fepilogue.o(.text)
    _double_round                            0x08000989   Thumb Code    30  depilogue.o(.text)
    _double_epilogue                         0x080009a7   Thumb Code   156  depilogue.o(.text)
    __aeabi_d2ulz                            0x08000a43   Thumb Code    48  dfixul.o(.text)
    __aeabi_cdrcmple                         0x08000a75   Thumb Code    48  cdrcmple.o(.text)
    __scatterload                            0x08000aa5   Thumb Code    38  init.o(.text)
    __scatterload_rt2                        0x08000aa5   Thumb Code     0  init.o(.text)
    All_Init                                 0x08000ad5   Thumb Code   224  main.o(.text.All_Init)
    DMA1_Channel1_IRQHandler                 0x08000bb5   Thumb Code    32  isr.o(.text.DMA1_Channel1_IRQHandler)
    DMA1_Channel2_IRQHandler                 0x08000bd5   Thumb Code    34  isr.o(.text.DMA1_Channel2_IRQHandler)
    DMA1_Channel3_IRQHandler                 0x08000bf9   Thumb Code    34  isr.o(.text.DMA1_Channel3_IRQHandler)
    DMA1_Channel4_IRQHandler                 0x08000c1d   Thumb Code    48  isr.o(.text.DMA1_Channel4_IRQHandler)
    DMA1_Channel5_IRQHandler                 0x08000c4d   Thumb Code    34  isr.o(.text.DMA1_Channel5_IRQHandler)
    DMA1_Channel6_IRQHandler                 0x08000c71   Thumb Code    34  isr.o(.text.DMA1_Channel6_IRQHandler)
    DMA1_Channel7_IRQHandler                 0x08000c95   Thumb Code    34  isr.o(.text.DMA1_Channel7_IRQHandler)
    DMA2_Channel1_IRQHandler                 0x08000cb9   Thumb Code    36  isr.o(.text.DMA2_Channel1_IRQHandler)
    DMA2_Channel2_IRQHandler                 0x08000cdd   Thumb Code    38  isr.o(.text.DMA2_Channel2_IRQHandler)
    DMA2_Channel3_IRQHandler                 0x08000d05   Thumb Code    38  isr.o(.text.DMA2_Channel3_IRQHandler)
    DMA2_Channel4_IRQHandler                 0x08000d2d   Thumb Code    38  isr.o(.text.DMA2_Channel4_IRQHandler)
    DMA2_Channel5_IRQHandler                 0x08000d55   Thumb Code    38  isr.o(.text.DMA2_Channel5_IRQHandler)
    Dis_CD0                                  0x08000d7d   Thumb Code   108  main.o(.text.Dis_CD0)
    Dis_CD1                                  0x08000de9   Thumb Code   108  main.o(.text.Dis_CD1)
    Dis_CD2                                  0x08000e55   Thumb Code   198  main.o(.text.Dis_CD2)
    Dis_CD3                                  0x08000f1d   Thumb Code   198  main.o(.text.Dis_CD3)
    Dis_GB                                   0x08000fe5   Thumb Code   366  main.o(.text.Dis_GB)
    EXTI0_IRQHandler                         0x08001155   Thumb Code    18  isr.o(.text.EXTI0_IRQHandler)
    EXTI15_10_IRQHandler                     0x08001169   Thumb Code   228  isr.o(.text.EXTI15_10_IRQHandler)
    EXTI1_IRQHandler                         0x0800124d   Thumb Code    18  isr.o(.text.EXTI1_IRQHandler)
    EXTI2_IRQHandler                         0x08001261   Thumb Code    18  isr.o(.text.EXTI2_IRQHandler)
    EXTI3_IRQHandler                         0x08001275   Thumb Code    18  isr.o(.text.EXTI3_IRQHandler)
    EXTI4_IRQHandler                         0x08001289   Thumb Code    24  isr.o(.text.EXTI4_IRQHandler)
    EXTI9_5_IRQHandler                       0x080012a1   Thumb Code   196  isr.o(.text.EXTI9_5_IRQHandler)
    Scan_Key                                 0x08001365   Thumb Code   602  main.o(.text.Scan_Key)
    SystemInit                               0x080015c1   Thumb Code    16  system_mm32f3277g.o(.text.SystemInit)
    TIM1_UP_IRQHandler                       0x080015d1   Thumb Code    18  isr.o(.text.TIM1_UP_IRQHandler)
    TIM2_IRQHandler                          0x080015e5   Thumb Code    68  main.o(.text.TIM2_IRQHandler)
    TIM3_IRQHandler                          0x08001629   Thumb Code    18  isr.o(.text.TIM3_IRQHandler)
    TIM4_IRQHandler                          0x0800163d   Thumb Code    18  isr.o(.text.TIM4_IRQHandler)
    TIM5_IRQHandler                          0x08001651   Thumb Code    18  isr.o(.text.TIM5_IRQHandler)
    TIM6_IRQHandler                          0x08001665   Thumb Code    18  isr.o(.text.TIM6_IRQHandler)
    TIM7_IRQHandler                          0x08001679   Thumb Code    18  isr.o(.text.TIM7_IRQHandler)
    TIM8_UP_IRQHandler                       0x0800168d   Thumb Code    24  isr.o(.text.TIM8_UP_IRQHandler)
    UART1_IRQHandler                         0x080016a5   Thumb Code    72  isr.o(.text.UART1_IRQHandler)
    UART2_IRQHandler                         0x080016ed   Thumb Code    78  isr.o(.text.UART2_IRQHandler)
    UART3_IRQHandler                         0x0800173d   Thumb Code    72  isr.o(.text.UART3_IRQHandler)
    UART4_IRQHandler                         0x08001785   Thumb Code    72  isr.o(.text.UART4_IRQHandler)
    UART5_IRQHandler                         0x080017cd   Thumb Code    72  isr.o(.text.UART5_IRQHandler)
    UART6_IRQHandler                         0x08001815   Thumb Code    86  isr.o(.text.UART6_IRQHandler)
    UART7_IRQHandler                         0x0800186d   Thumb Code    72  isr.o(.text.UART7_IRQHandler)
    UART8_IRQHandler                         0x080018b5   Thumb Code    86  isr.o(.text.UART8_IRQHandler)
    adc_convert                              0x080019f5   Thumb Code   150  zf_driver_adc.o(.text.adc_convert)
    afio_init                                0x08001a8d   Thumb Code   384  zf_driver_gpio.o(.text.afio_init)
    camera_fifo_init                         0x08001c0d   Thumb Code    28  zf_device_camera.o(.text.camera_fifo_init)
    camera_init                              0x08001c29   Thumb Code   202  zf_device_camera.o(.text.camera_init)
    clock_init                               0x08001cf5   Thumb Code    36  zf_common_clock.o(.text.clock_init)
    debug_assert_handler                     0x08002011   Thumb Code   108  zf_common_debug.o(.text.debug_assert_handler)
    debug_init                               0x080020bd   Thumb Code    50  zf_common_debug.o(.text.debug_init)
    debug_log_handler                        0x080020f1   Thumb Code    66  zf_common_debug.o(.text.debug_log_handler)
    debug_output_init                        0x080024e5   Thumb Code    76  zf_common_debug.o(.text.debug_output_init)
    debug_output_struct_init                 0x08002531   Thumb Code    48  zf_common_debug.o(.text.debug_output_struct_init)
    dl1a_get_distance                        0x08002669   Thumb Code   158  zf_device_dl1a.o(.text.dl1a_get_distance)
    dl1a_int_handler                         0x08002709   Thumb Code     8  zf_device_dl1a.o(.text.dl1a_int_handler)
    dm1xa_light_callback                     0x08002711   Thumb Code    58  zf_device_dm1xa.o(.text.dm1xa_light_callback)
    dm1xa_sound_callback                     0x0800274d   Thumb Code   256  zf_device_dm1xa.o(.text.dm1xa_sound_callback)
    dma_camera_init                          0x0800284d   Thumb Code   338  zf_driver_dma.o(.text.dma_camera_init)
    dma_disable                              0x080029a1   Thumb Code    50  zf_driver_dma.o(.text.dma_disable)
    dma_enable                               0x080029d5   Thumb Code    50  zf_driver_dma.o(.text.dma_enable)
    dma_set_count                            0x08002a09   Thumb Code    52  zf_driver_dma.o(.text.dma_set_count)
    encoder_quad_init                        0x08002a3d   Thumb Code   346  zf_driver_encoder.o(.text.encoder_quad_init)
    exti_init                                0x08002b99   Thumb Code   672  zf_driver_exti.o(.text.exti_init)
    fifo_clear                               0x08002e39   Thumb Code   168  zf_common_fifo.o(.text.fifo_clear)
    fifo_init                                0x08002f41   Thumb Code   110  zf_common_fifo.o(.text.fifo_init)
    fifo_read_buffer                         0x08002fb1   Thumb Code   496  zf_common_fifo.o(.text.fifo_read_buffer)
    fifo_used                                0x080031a1   Thumb Code    40  zf_common_fifo.o(.text.fifo_used)
    fifo_write_buffer                        0x080031c9   Thumb Code   506  zf_common_fifo.o(.text.fifo_write_buffer)
    fifo_write_element                       0x080033c5   Thumb Code   190  zf_common_fifo.o(.text.fifo_write_element)
    func_get_greatest_common_divisor         0x08003485   Thumb Code    66  zf_common_function.o(.text.func_get_greatest_common_divisor)
    func_int_to_str                          0x080034c9   Thumb Code   242  zf_common_function.o(.text.func_int_to_str)
    gpio_get_level                           0x080035bd   Thumb Code    46  zf_driver_gpio.o(.text.gpio_get_level)
    gpio_init                                0x080035ed   Thumb Code   488  zf_driver_gpio.o(.text.gpio_init)
    gpio_set_level                           0x080037d5   Thumb Code    98  zf_driver_gpio.o(.text.gpio_set_level)
    gps_uart_callback                        0x08003839   Thumb Code   314  zf_device_gps_tau1201.o(.text.gps_uart_callback)
    interrupt_disable                        0x08003975   Thumb Code    20  zf_common_interrupt.o(.text.interrupt_disable)
    interrupt_enable                         0x08003989   Thumb Code    20  zf_common_interrupt.o(.text.interrupt_enable)
    interrupt_global_disable                 0x0800399d   Thumb Code    36  zf_common_interrupt.o(.text.interrupt_global_disable)
    interrupt_init                           0x080039c1   Thumb Code    10  zf_common_interrupt.o(.text.interrupt_init)
    interrupt_set_priority                   0x080039cd   Thumb Code    28  zf_common_interrupt.o(.text.interrupt_set_priority)
    ips200_clear                             0x080039e9   Thumb Code   270  zf_device_ips200.o(.text.ips200_clear)
    ips200_full                              0x08003b85   Thumb Code   268  zf_device_ips200.o(.text.ips200_full)
    ips200_init                              0x08003c91   Thumb Code  1138  zf_device_ips200.o(.text.ips200_init)
    ips200_set_color                         0x08004105   Thumb Code    42  zf_device_ips200.o(.text.ips200_set_color)
    ips200_set_dir                           0x08004131   Thumb Code   102  zf_device_ips200.o(.text.ips200_set_dir)
    ips200_show_char                         0x0800425d   Thumb Code   734  zf_device_ips200.o(.text.ips200_show_char)
    ips200_show_gray_image                   0x0800453d   Thumb Code   532  zf_device_ips200.o(.text.ips200_show_gray_image)
    ips200_show_int                          0x08004751   Thumb Code   256  zf_device_ips200.o(.text.ips200_show_int)
    ips200_show_string                       0x08004851   Thumb Code   220  zf_device_ips200.o(.text.ips200_show_string)
    main                                     0x08004ba1   Thumb Code   148  main.o(.text.main)
    mt9v03x_get_version                      0x08004d71   Thumb Code   160  zf_device_mt9v03x.o(.text.mt9v03x_get_version)
    mt9v03x_init                             0x08004e11   Thumb Code   420  zf_device_mt9v03x.o(.text.mt9v03x_init)
    mt9v03x_set_config_sccb                  0x080050e9   Thumb Code  2478  zf_device_config.o(.text.mt9v03x_set_config_sccb)
    pit_init                                 0x08005b45   Thumb Code   306  zf_driver_pit.o(.text.pit_init)
    set_camera_type                          0x08005c79   Thumb Code   138  zf_device_type.o(.text.set_camera_type)
    soft_iic_init                            0x08005d05   Thumb Code   142  zf_driver_soft_iic.o(.text.soft_iic_init)
    soft_iic_read_8bit_registers             0x08005d95   Thumb Code   152  zf_driver_soft_iic.o(.text.soft_iic_read_8bit_registers)
    soft_iic_sccb_read_register              0x08005f91   Thumb Code   120  zf_driver_soft_iic.o(.text.soft_iic_sccb_read_register)
    soft_iic_sccb_write_register             0x08006009   Thumb Code    86  zf_driver_soft_iic.o(.text.soft_iic_sccb_write_register)
    soft_iic_write_8bit_register             0x08006555   Thumb Code    86  zf_driver_soft_iic.o(.text.soft_iic_write_8bit_register)
    spi_init                                 0x080065ad   Thumb Code   870  zf_driver_spi.o(.text.spi_init)
    spi_write_16bit                          0x08006915   Thumb Code   184  zf_driver_spi.o(.text.spi_write_16bit)
    spi_write_8bit                           0x080069cd   Thumb Code   134  zf_driver_spi.o(.text.spi_write_8bit)
    system_delay_ms                          0x08006a55   Thumb Code   154  zf_driver_delay.o(.text.system_delay_ms)
    timer_clear                              0x08006af1   Thumb Code   178  zf_driver_timer.o(.text.timer_clear)
    timer_clock_enable                       0x08006ba5   Thumb Code   182  zf_driver_timer.o(.text.timer_clock_enable)
    timer_etr_init                           0x08006c5d   Thumb Code   298  zf_driver_timer.o(.text.timer_etr_init)
    timer_funciton_check                     0x08006d89   Thumb Code   104  zf_driver_timer.o(.text.timer_funciton_check)
    timer_get                                0x08006df1   Thumb Code   182  zf_driver_timer.o(.text.timer_get)
    tsl1401_collect_pit_handler              0x08006ea9   Thumb Code   224  zf_device_tsl1401.o(.text.tsl1401_collect_pit_handler)
    uart_init                                0x08006f8d   Thumb Code   652  zf_driver_uart.o(.text.uart_init)
    uart_query_byte                          0x08007219   Thumb Code   102  zf_driver_uart.o(.text.uart_query_byte)
    uart_rx_interrupt                        0x08007281   Thumb Code   160  zf_driver_uart.o(.text.uart_rx_interrupt)
    uart_write_buffer                        0x08007321   Thumb Code   108  zf_driver_uart.o(.text.uart_write_buffer)
    uart_write_byte                          0x0800738d   Thumb Code    64  zf_driver_uart.o(.text.uart_write_byte)
    uart_write_string                        0x080073cd   Thumb Code    64  zf_driver_uart.o(.text.uart_write_string)
    __0sprintf                               0x0800740d   Thumb Code    34  printfa.o(i.__0sprintf)
    __1sprintf                               0x0800740d   Thumb Code     0  printfa.o(i.__0sprintf)
    __2sprintf                               0x0800740d   Thumb Code     0  printfa.o(i.__0sprintf)
    __c89sprintf                             0x0800740d   Thumb Code     0  printfa.o(i.__0sprintf)
    sprintf                                  0x0800740d   Thumb Code     0  printfa.o(i.__0sprintf)
    __scatterload_copy                       0x08007435   Thumb Code    14  handlers.o(i.__scatterload_copy)
    __scatterload_null                       0x08007443   Thumb Code     2  handlers.o(i.__scatterload_null)
    __scatterload_zeroinit                   0x08007445   Thumb Code    14  handlers.o(i.__scatterload_zeroinit)
    ascii_font_6x8                           0x08007dbc   Data         552  zf_common_font.o(.rodata.ascii_font_6x8)
    ascii_font_8x16                          0x08007fe4   Data        1520  zf_common_font.o(.rodata.ascii_font_8x16)
    Region$$Table$$Base                      0x08008920   Number         0  anon$$obj.o(Region$$Table)
    Region$$Table$$Limit                     0x08008940   Number         0  anon$$obj.o(Region$$Table)
    G_Num                                    0x20000000   Data           4  main.o(.data.G_Num)
    Kd                                       0x20000004   Data           4  main.o(.data.Kd)
    Ki                                       0x20000008   Data           4  main.o(.data.Ki)
    Kp                                       0x2000000c   Data           4  main.o(.data.Kp)
    Speed                                    0x20000010   Data           4  main.o(.data.Speed)
    camera_dma_handler                       0x2000001c   Data           4  zf_device_type.o(.data.camera_dma_handler)
    camera_uart_handler                      0x20000020   Data           4  zf_device_type.o(.data.camera_uart_handler)
    camera_vsync_handler                     0x20000024   Data           4  zf_device_type.o(.data.camera_vsync_handler)
    dl1a_distance_mm                         0x20000028   Data           2  zf_device_dl1a.o(.data.dl1a_distance_mm)
    gpio_group                               0x20000034   Data          32  zf_driver_gpio.o(.data.gpio_group)
    system_clock                             0x200000b8   Data           4  zf_common_clock.o(.data.system_clock)
    wireless_module_uart_handler             0x200000e4   Data           4  zf_device_type.o(.data.wireless_module_uart_handler)
    C_Num                                    0x200000ec   Data           1  main.o(.bss.C_Num)
    T_Counter                                0x200000ed   Data           1  main.o(.bss.T_Counter)
    camera_receiver_buffer                   0x200000f0   Data           8  zf_device_camera.o(.bss.camera_receiver_buffer)
    camera_receiver_fifo                     0x200000f8   Data          24  zf_device_camera.o(.bss.camera_receiver_fifo)
    camera_type                              0x20000110   Data           1  zf_device_type.o(.bss.camera_type)
    dl1a_finsh_flag                          0x20000128   Data           1  zf_device_dl1a.o(.bss.dl1a_finsh_flag)
    gps_gga_state                            0x200001c2   Data           1  zf_device_gps_tau1201.o(.bss.gps_gga_state)
    gps_rmc_state                            0x20000243   Data           1  zf_device_gps_tau1201.o(.bss.gps_rmc_state)
    gps_tau1201_flag                         0x20000244   Data           1  zf_device_gps_tau1201.o(.bss.gps_tau1201_flag)
    image_copy                               0x20000261   Data       22560  zf_device_mt9v03x.o(.bss.image_copy)
    mt9v03x_finish_flag                      0x20005a8a   Data           1  zf_device_mt9v03x.o(.bss.mt9v03x_finish_flag)
    mt9v03x_image                            0x20005aa0   Data       22560  zf_device_mt9v03x.o(.bss.mt9v03x_image)
    tsl1401_data                             0x2000b2ea   Data         512  zf_device_tsl1401.o(.bss.tsl1401_data)
    tsl1401_finish_flag                      0x2000b4ea   Data           1  zf_device_tsl1401.o(.bss.tsl1401_finish_flag)
    Image$$ARM_LIB_STACK$$ZI$$Limit          0x20020000   Number         0  anon$$obj.o ABSOLUTE



==============================================================================

Memory Map of the image

  Image Entry point : 0x08000401

  Load Region LR_m_text (Base: 0x08000000, Size: 0x00008a2c, Max: 0x00080000, ABSOLUTE)

    Execution Region VECTOR_ROM (Exec base: 0x08000000, Load base: 0x08000000, Size: 0x00000190, Max: 0x00000400, ABSOLUTE)

    Exec Addr    Load Addr    Size         Type   Attr      Idx    E Section Name        Object

    0x08000000   0x08000000   0x00000190   Data   RO         1537    RESET               startup_mm32f3277g.o


    Execution Region ER_m_text (Exec base: 0x08000400, Load base: 0x08000400, Size: 0x00008540, Max: 0x0007fc00, ABSOLUTE, FIXED)

    Exec Addr    Load Addr    Size         Type   Attr      Idx    E Section Name        Object

    0x08000400   0x08000400   0x00000000   Code   RO         2517  * .ARM.Collect$$$$00000000  mc_w.l(entry.o)
    0x08000400   0x08000400   0x00000004   Code   RO         2643    .ARM.Collect$$$$00000003  mc_w.l(entry4.o)
    0x08000404   0x08000404   0x00000004   Code   RO         2646    .ARM.Collect$$$$00000004  mc_w.l(entry5.o)
    0x08000408   0x08000408   0x00000000   Code   RO         2648    .ARM.Collect$$$$00000008  mc_w.l(entry7b.o)
    0x08000408   0x08000408   0x00000000   Code   RO         2650    .ARM.Collect$$$$0000000A  mc_w.l(entry8b.o)
    0x08000408   0x08000408   0x00000008   Code   RO         2651    .ARM.Collect$$$$0000000B  mc_w.l(entry9a.o)
    0x08000410   0x08000410   0x00000000   Code   RO         2653    .ARM.Collect$$$$0000000D  mc_w.l(entry10a.o)
    0x08000410   0x08000410   0x00000000   Code   RO         2655    .ARM.Collect$$$$0000000F  mc_w.l(entry11a.o)
    0x08000410   0x08000410   0x00000004   Code   RO         2644    .ARM.Collect$$$$00002714  mc_w.l(entry4.o)
    0x08000414   0x08000414   0x00000024   Code   RO         1538    .text               startup_mm32f3277g.o
    0x08000438   0x08000438   0x00000024   Code   RO         2520    .text               mc_w.l(memcpya.o)
    0x0800045c   0x0800045c   0x00000024   Code   RO         2522    .text               mc_w.l(memseta.o)
    0x08000480   0x08000480   0x0000000e   Code   RO         2530    .text               mc_w.l(strlen.o)
    0x0800048e   0x0800048e   0x0000001e   Code   RO         2534    .text               mc_w.l(strncmp.o)
    0x080004ac   0x080004ac   0x0000014e   Code   RO         2574    .text               mf_w.l(dadd.o)
    0x080005fa   0x080005fa   0x000000e4   Code   RO         2576    .text               mf_w.l(dmul.o)
    0x080006de   0x080006de   0x000000de   Code   RO         2578    .text               mf_w.l(ddiv.o)
    0x080007bc   0x080007bc   0x0000000a   Code   RO         2592    .text               mf_w.l(ffltui.o)
    0x080007c6   0x080007c6   0x0000003e   Code   RO         2600    .text               mf_w.l(dfixi.o)
    0x08000804   0x08000804   0x00000026   Code   RO         2604    .text               mf_w.l(f2d.o)
    0x0800082a   0x0800082a   0x0000002c   Code   RO         2667    .text               mc_w.l(uidiv.o)
    0x08000856   0x08000856   0x00000062   Code   RO         2669    .text               mc_w.l(uldiv.o)
    0x080008b8   0x080008b8   0x0000001e   Code   RO         2671    .text               mc_w.l(llshl.o)
    0x080008d6   0x080008d6   0x00000020   Code   RO         2673    .text               mc_w.l(llushr.o)
    0x080008f6   0x080008f6   0x00000024   Code   RO         2675    .text               mc_w.l(llsshr.o)
    0x0800091a   0x0800091a   0x00000000   Code   RO         2684    .text               mc_w.l(iusefp.o)
    0x0800091a   0x0800091a   0x0000006e   Code   RO         2685    .text               mf_w.l(fepilogue.o)
    0x08000988   0x08000988   0x000000ba   Code   RO         2687    .text               mf_w.l(depilogue.o)
    0x08000a42   0x08000a42   0x00000030   Code   RO         2693    .text               mf_w.l(dfixul.o)
    0x08000a72   0x08000a72   0x00000002   PAD
    0x08000a74   0x08000a74   0x00000030   Code   RO         2697    .text               mf_w.l(cdrcmple.o)
    0x08000aa4   0x08000aa4   0x00000030   Code   RO         2699    .text               mc_w.l(init.o)
    0x08000ad4   0x08000ad4   0x000000e0   Code   RO            6    .text.All_Init      main.o
    0x08000bb4   0x08000bb4   0x00000020   Code   RO           85    .text.DMA1_Channel1_IRQHandler  isr.o
    0x08000bd4   0x08000bd4   0x00000022   Code   RO           87    .text.DMA1_Channel2_IRQHandler  isr.o
    0x08000bf6   0x08000bf6   0x00000002   PAD
    0x08000bf8   0x08000bf8   0x00000022   Code   RO           89    .text.DMA1_Channel3_IRQHandler  isr.o
    0x08000c1a   0x08000c1a   0x00000002   PAD
    0x08000c1c   0x08000c1c   0x00000030   Code   RO           91    .text.DMA1_Channel4_IRQHandler  isr.o
    0x08000c4c   0x08000c4c   0x00000022   Code   RO           93    .text.DMA1_Channel5_IRQHandler  isr.o
    0x08000c6e   0x08000c6e   0x00000002   PAD
    0x08000c70   0x08000c70   0x00000022   Code   RO           95    .text.DMA1_Channel6_IRQHandler  isr.o
    0x08000c92   0x08000c92   0x00000002   PAD
    0x08000c94   0x08000c94   0x00000022   Code   RO           97    .text.DMA1_Channel7_IRQHandler  isr.o
    0x08000cb6   0x08000cb6   0x00000002   PAD
    0x08000cb8   0x08000cb8   0x00000024   Code   RO           99    .text.DMA2_Channel1_IRQHandler  isr.o
    0x08000cdc   0x08000cdc   0x00000026   Code   RO          101    .text.DMA2_Channel2_IRQHandler  isr.o
    0x08000d02   0x08000d02   0x00000002   PAD
    0x08000d04   0x08000d04   0x00000026   Code   RO          103    .text.DMA2_Channel3_IRQHandler  isr.o
    0x08000d2a   0x08000d2a   0x00000002   PAD
    0x08000d2c   0x08000d2c   0x00000026   Code   RO          105    .text.DMA2_Channel4_IRQHandler  isr.o
    0x08000d52   0x08000d52   0x00000002   PAD
    0x08000d54   0x08000d54   0x00000026   Code   RO          107    .text.DMA2_Channel5_IRQHandler  isr.o
    0x08000d7a   0x08000d7a   0x00000002   PAD
    0x08000d7c   0x08000d7c   0x0000006c   Code   RO           12    .text.Dis_CD0       main.o
    0x08000de8   0x08000de8   0x0000006c   Code   RO           14    .text.Dis_CD1       main.o
    0x08000e54   0x08000e54   0x000000c6   Code   RO           16    .text.Dis_CD2       main.o
    0x08000f1a   0x08000f1a   0x00000002   PAD
    0x08000f1c   0x08000f1c   0x000000c6   Code   RO           18    .text.Dis_CD3       main.o
    0x08000fe2   0x08000fe2   0x00000002   PAD
    0x08000fe4   0x08000fe4   0x0000016e   Code   RO           20    .text.Dis_GB        main.o
    0x08001152   0x08001152   0x00000002   PAD
    0x08001154   0x08001154   0x00000012   Code   RO           71    .text.EXTI0_IRQHandler  isr.o
    0x08001166   0x08001166   0x00000002   PAD
    0x08001168   0x08001168   0x000000e4   Code   RO           83    .text.EXTI15_10_IRQHandler  isr.o
    0x0800124c   0x0800124c   0x00000012   Code   RO           73    .text.EXTI1_IRQHandler  isr.o
    0x0800125e   0x0800125e   0x00000002   PAD
    0x08001260   0x08001260   0x00000012   Code   RO           75    .text.EXTI2_IRQHandler  isr.o
    0x08001272   0x08001272   0x00000002   PAD
    0x08001274   0x08001274   0x00000012   Code   RO           77    .text.EXTI3_IRQHandler  isr.o
    0x08001286   0x08001286   0x00000002   PAD
    0x08001288   0x08001288   0x00000018   Code   RO           79    .text.EXTI4_IRQHandler  isr.o
    0x080012a0   0x080012a0   0x000000c4   Code   RO           81    .text.EXTI9_5_IRQHandler  isr.o
    0x08001364   0x08001364   0x0000025a   Code   RO           10    .text.Scan_Key      main.o
    0x080015be   0x080015be   0x00000002   PAD
    0x080015c0   0x080015c0   0x00000010   Code   RO         1530    .text.SystemInit    system_mm32f3277g.o
    0x080015d0   0x080015d0   0x00000012   Code   RO           41    .text.TIM1_UP_IRQHandler  isr.o
    0x080015e2   0x080015e2   0x00000002   PAD
    0x080015e4   0x080015e4   0x00000044   Code   RO            8    .text.TIM2_IRQHandler  main.o
    0x08001628   0x08001628   0x00000012   Code   RO           43    .text.TIM3_IRQHandler  isr.o
    0x0800163a   0x0800163a   0x00000002   PAD
    0x0800163c   0x0800163c   0x00000012   Code   RO           45    .text.TIM4_IRQHandler  isr.o
    0x0800164e   0x0800164e   0x00000002   PAD
    0x08001650   0x08001650   0x00000012   Code   RO           47    .text.TIM5_IRQHandler  isr.o
    0x08001662   0x08001662   0x00000002   PAD
    0x08001664   0x08001664   0x00000012   Code   RO           49    .text.TIM6_IRQHandler  isr.o
    0x08001676   0x08001676   0x00000002   PAD
    0x08001678   0x08001678   0x00000012   Code   RO           51    .text.TIM7_IRQHandler  isr.o
    0x0800168a   0x0800168a   0x00000002   PAD
    0x0800168c   0x0800168c   0x00000018   Code   RO           53    .text.TIM8_UP_IRQHandler  isr.o
    0x080016a4   0x080016a4   0x00000048   Code   RO           55    .text.UART1_IRQHandler  isr.o
    0x080016ec   0x080016ec   0x0000004e   Code   RO           57    .text.UART2_IRQHandler  isr.o
    0x0800173a   0x0800173a   0x00000002   PAD
    0x0800173c   0x0800173c   0x00000048   Code   RO           59    .text.UART3_IRQHandler  isr.o
    0x08001784   0x08001784   0x00000048   Code   RO           61    .text.UART4_IRQHandler  isr.o
    0x080017cc   0x080017cc   0x00000048   Code   RO           63    .text.UART5_IRQHandler  isr.o
    0x08001814   0x08001814   0x00000056   Code   RO           65    .text.UART6_IRQHandler  isr.o
    0x0800186a   0x0800186a   0x00000002   PAD
    0x0800186c   0x0800186c   0x00000048   Code   RO           67    .text.UART7_IRQHandler  isr.o
    0x080018b4   0x080018b4   0x00000056   Code   RO           69    .text.UART8_IRQHandler  isr.o
    0x0800190a   0x0800190a   0x00000002   PAD
    0x0800190c   0x0800190c   0x00000038   Code   RO          258    .text.__NVIC_DisableIRQ  zf_common_interrupt.o
    0x08001944   0x08001944   0x00000030   Code   RO          254    .text.__NVIC_EnableIRQ  zf_common_interrupt.o
    0x08001974   0x08001974   0x00000042   Code   RO          262    .text.__NVIC_SetPriority  zf_common_interrupt.o
    0x080019b6   0x080019b6   0x00000002   PAD
    0x080019b8   0x080019b8   0x0000003c   Code   RO          266    .text.__NVIC_SetPriorityGrouping  zf_common_interrupt.o
    0x080019f4   0x080019f4   0x00000096   Code   RO          276    .text.adc_convert   zf_driver_adc.o
    0x08001a8a   0x08001a8a   0x00000002   PAD
    0x08001a8c   0x08001a8c   0x00000180   Code   RO          383    .text.afio_init     zf_driver_gpio.o
    0x08001c0c   0x08001c0c   0x0000001c   Code   RO          765    .text.camera_fifo_init  zf_device_camera.o
    0x08001c28   0x08001c28   0x000000ca   Code   RO          767    .text.camera_init   zf_device_camera.o
    0x08001cf2   0x08001cf2   0x00000002   PAD
    0x08001cf4   0x08001cf4   0x00000024   Code   RO          116    .text.clock_init    zf_common_clock.o
    0x08001d18   0x08001d18   0x00000098   Code   RO          118    .text.clock_reset   zf_common_clock.o
    0x08001db0   0x08001db0   0x00000260   Code   RO          120    .text.clock_set_freq  zf_common_clock.o
    0x08002010   0x08002010   0x0000006c   Code   RO          138    .text.debug_assert_handler  zf_common_debug.o
    0x0800207c   0x0800207c   0x00000040   Code   RO          144    .text.debug_delay   zf_common_debug.o
    0x080020bc   0x080020bc   0x00000032   Code   RO          152    .text.debug_init    zf_common_debug.o
    0x080020ee   0x080020ee   0x00000002   PAD
    0x080020f0   0x080020f0   0x00000042   Code   RO          146    .text.debug_log_handler  zf_common_debug.o
    0x08002132   0x08002132   0x00000002   PAD
    0x08002134   0x08002134   0x000003ae   Code   RO          142    .text.debug_output  zf_common_debug.o
    0x080024e2   0x080024e2   0x00000002   PAD
    0x080024e4   0x080024e4   0x0000004c   Code   RO          150    .text.debug_output_init  zf_common_debug.o
    0x08002530   0x08002530   0x00000030   Code   RO          148    .text.debug_output_struct_init  zf_common_debug.o
    0x08002560   0x08002560   0x000000f2   Code   RO          140    .text.debug_protective_handler  zf_common_debug.o
    0x08002652   0x08002652   0x00000002   PAD
    0x08002654   0x08002654   0x00000012   Code   RO          154    .text.debug_uart_str_output  zf_common_debug.o
    0x08002666   0x08002666   0x00000002   PAD
    0x08002668   0x08002668   0x0000009e   Code   RO          780    .text.dl1a_get_distance  zf_device_dl1a.o
    0x08002706   0x08002706   0x00000002   PAD
    0x08002708   0x08002708   0x00000008   Code   RO          782    .text.dl1a_int_handler  zf_device_dl1a.o
    0x08002710   0x08002710   0x0000003a   Code   RO          823    .text.dm1xa_light_callback  zf_device_dm1xa.o
    0x0800274a   0x0800274a   0x00000002   PAD
    0x0800274c   0x0800274c   0x00000100   Code   RO          821    .text.dm1xa_sound_callback  zf_device_dm1xa.o
    0x0800284c   0x0800284c   0x00000152   Code   RO          310    .text.dma_camera_init  zf_driver_dma.o
    0x0800299e   0x0800299e   0x00000002   PAD
    0x080029a0   0x080029a0   0x00000032   Code   RO          308    .text.dma_disable   zf_driver_dma.o
    0x080029d2   0x080029d2   0x00000002   PAD
    0x080029d4   0x080029d4   0x00000032   Code   RO          306    .text.dma_enable    zf_driver_dma.o
    0x08002a06   0x08002a06   0x00000002   PAD
    0x08002a08   0x08002a08   0x00000034   Code   RO          304    .text.dma_set_count  zf_driver_dma.o
    0x08002a3c   0x08002a3c   0x0000015a   Code   RO          324    .text.encoder_quad_init  zf_driver_encoder.o
    0x08002b96   0x08002b96   0x00000002   PAD
    0x08002b98   0x08002b98   0x000002a0   Code   RO          341    .text.exti_init     zf_driver_exti.o
    0x08002e38   0x08002e38   0x000000a8   Code   RO          169    .text.fifo_clear    zf_common_fifo.o
    0x08002ee0   0x08002ee0   0x0000002e   Code   RO          181    .text.fifo_end_offset  zf_common_fifo.o
    0x08002f0e   0x08002f0e   0x00000002   PAD
    0x08002f10   0x08002f10   0x0000002e   Code   RO          175    .text.fifo_head_offset  zf_common_fifo.o
    0x08002f3e   0x08002f3e   0x00000002   PAD
    0x08002f40   0x08002f40   0x0000006e   Code   RO          187    .text.fifo_init     zf_common_fifo.o
    0x08002fae   0x08002fae   0x00000002   PAD
    0x08002fb0   0x08002fb0   0x000001f0   Code   RO          183    .text.fifo_read_buffer  zf_common_fifo.o
    0x080031a0   0x080031a0   0x00000028   Code   RO          171    .text.fifo_used     zf_common_fifo.o
    0x080031c8   0x080031c8   0x000001fa   Code   RO          177    .text.fifo_write_buffer  zf_common_fifo.o
    0x080033c2   0x080033c2   0x00000002   PAD
    0x080033c4   0x080033c4   0x000000be   Code   RO          173    .text.fifo_write_element  zf_common_fifo.o
    0x08003482   0x08003482   0x00000002   PAD
    0x08003484   0x08003484   0x00000042   Code   RO          209    .text.func_get_greatest_common_divisor  zf_common_function.o
    0x080034c6   0x080034c6   0x00000002   PAD
    0x080034c8   0x080034c8   0x000000f2   Code   RO          215    .text.func_int_to_str  zf_common_function.o
    0x080035ba   0x080035ba   0x00000002   PAD
    0x080035bc   0x080035bc   0x0000002e   Code   RO          375    .text.gpio_get_level  zf_driver_gpio.o
    0x080035ea   0x080035ea   0x00000002   PAD
    0x080035ec   0x080035ec   0x000001e8   Code   RO          381    .text.gpio_init     zf_driver_gpio.o
    0x080037d4   0x080037d4   0x00000062   Code   RO          373    .text.gpio_set_level  zf_driver_gpio.o
    0x08003836   0x08003836   0x00000002   PAD
    0x08003838   0x08003838   0x0000013a   Code   RO          852    .text.gps_uart_callback  zf_device_gps_tau1201.o
    0x08003972   0x08003972   0x00000002   PAD
    0x08003974   0x08003974   0x00000014   Code   RO          256    .text.interrupt_disable  zf_common_interrupt.o
    0x08003988   0x08003988   0x00000014   Code   RO          252    .text.interrupt_enable  zf_common_interrupt.o
    0x0800399c   0x0800399c   0x00000024   Code   RO          250    .text.interrupt_global_disable  zf_common_interrupt.o
    0x080039c0   0x080039c0   0x0000000a   Code   RO          264    .text.interrupt_init  zf_common_interrupt.o
    0x080039ca   0x080039ca   0x00000002   PAD
    0x080039cc   0x080039cc   0x0000001c   Code   RO          260    .text.interrupt_set_priority  zf_common_interrupt.o
    0x080039e8   0x080039e8   0x0000010e   Code   RO         1054    .text.ips200_clear  zf_device_ips200.o
    0x08003af6   0x08003af6   0x00000002   PAD
    0x08003af8   0x08003af8   0x0000008a   Code   RO         1098    .text.ips200_debug_init  zf_device_ips200.o
    0x08003b82   0x08003b82   0x00000002   PAD
    0x08003b84   0x08003b84   0x0000010c   Code   RO         1060    .text.ips200_full   zf_device_ips200.o
    0x08003c90   0x08003c90   0x00000472   Code   RO         1092    .text.ips200_init   zf_device_ips200.o
    0x08004102   0x08004102   0x00000002   PAD
    0x08004104   0x08004104   0x0000002a   Code   RO         1066    .text.ips200_set_color  zf_device_ips200.o
    0x0800412e   0x0800412e   0x00000002   PAD
    0x08004130   0x08004130   0x00000066   Code   RO         1062    .text.ips200_set_dir  zf_device_ips200.o
    0x08004196   0x08004196   0x00000002   PAD
    0x08004198   0x08004198   0x000000c4   Code   RO         1056    .text.ips200_set_region  zf_device_ips200.o
    0x0800425c   0x0800425c   0x000002de   Code   RO         1072    .text.ips200_show_char  zf_device_ips200.o
    0x0800453a   0x0800453a   0x00000002   PAD
    0x0800453c   0x0800453c   0x00000214   Code   RO         1084    .text.ips200_show_gray_image  zf_device_ips200.o
    0x08004750   0x08004750   0x00000100   Code   RO         1076    .text.ips200_show_int  zf_device_ips200.o
    0x08004850   0x08004850   0x000000dc   Code   RO         1074    .text.ips200_show_string  zf_device_ips200.o
    0x0800492c   0x0800492c   0x000000d6   Code   RO         1058    .text.ips200_write_16bit_data  zf_device_ips200.o
    0x08004a02   0x08004a02   0x00000002   PAD
    0x08004a04   0x08004a04   0x000000ae   Code   RO         1096    .text.ips200_write_8bit_data  zf_device_ips200.o
    0x08004ab2   0x08004ab2   0x00000002   PAD
    0x08004ab4   0x08004ab4   0x000000ea   Code   RO         1094    .text.ips200_write_command  zf_device_ips200.o
    0x08004b9e   0x08004b9e   0x00000002   PAD
    0x08004ba0   0x08004ba0   0x00000094   Code   RO            4    .text.main          main.o
    0x08004c34   0x08004c34   0x00000016   Code   RO         1173    .text.mt9v03x_dma_handler  zf_device_mt9v03x.o
    0x08004c4a   0x08004c4a   0x00000002   PAD
    0x08004c4c   0x08004c4c   0x00000122   Code   RO         1183    .text.mt9v03x_get_config  zf_device_mt9v03x.o
    0x08004d6e   0x08004d6e   0x00000002   PAD
    0x08004d70   0x08004d70   0x000000a0   Code   RO         1167    .text.mt9v03x_get_version  zf_device_mt9v03x.o
    0x08004e10   0x08004e10   0x000001a4   Code   RO         1179    .text.mt9v03x_init  zf_device_mt9v03x.o
    0x08004fb4   0x08004fb4   0x0000003c   Code   RO         2472    .text.mt9v03x_read_word_sccb  zf_device_config.lib(zf_device_config.o)
    0x08004ff0   0x08004ff0   0x000000f8   Code   RO         1181    .text.mt9v03x_set_config  zf_device_mt9v03x.o
    0x080050e8   0x080050e8   0x000009ae   Code   RO         2468    .text.mt9v03x_set_config_sccb  zf_device_config.lib(zf_device_config.o)
    0x08005a96   0x08005a96   0x00000002   PAD
    0x08005a98   0x08005a98   0x00000040   Code   RO         1175    .text.mt9v03x_uart_handler  zf_device_mt9v03x.o
    0x08005ad8   0x08005ad8   0x00000036   Code   RO         1171    .text.mt9v03x_vsync_handler  zf_device_mt9v03x.o
    0x08005b0e   0x08005b0e   0x00000002   PAD
    0x08005b10   0x08005b10   0x00000032   Code   RO         2470    .text.mt9v03x_write_word_sccb  zf_device_config.lib(zf_device_config.o)
    0x08005b42   0x08005b42   0x00000002   PAD
    0x08005b44   0x08005b44   0x00000132   Code   RO          451    .text.pit_init      zf_driver_pit.o
    0x08005c76   0x08005c76   0x00000002   PAD
    0x08005c78   0x08005c78   0x0000008a   Code   RO         1402    .text.set_camera_type  zf_device_type.o
    0x08005d02   0x08005d02   0x00000002   PAD
    0x08005d04   0x08005d04   0x0000008e   Code   RO          547    .text.soft_iic_init  zf_driver_soft_iic.o
    0x08005d92   0x08005d92   0x00000002   PAD
    0x08005d94   0x08005d94   0x00000098   Code   RO          533    .text.soft_iic_read_8bit_registers  zf_driver_soft_iic.o
    0x08005e2c   0x08005e2c   0x00000164   Code   RO          523    .text.soft_iic_read_data  zf_driver_soft_iic.o
    0x08005f90   0x08005f90   0x00000078   Code   RO          545    .text.soft_iic_sccb_read_register  zf_driver_soft_iic.o
    0x08006008   0x08006008   0x00000056   Code   RO          543    .text.soft_iic_sccb_write_register  zf_driver_soft_iic.o
    0x0800605e   0x0800605e   0x00000002   PAD
    0x08006060   0x08006060   0x0000011a   Code   RO          551    .text.soft_iic_send_ack  zf_driver_soft_iic.o
    0x0800617a   0x0800617a   0x00000002   PAD
    0x0800617c   0x0800617c   0x00000128   Code   RO          503    .text.soft_iic_send_data  zf_driver_soft_iic.o
    0x080062a4   0x080062a4   0x000000da   Code   RO          501    .text.soft_iic_start  zf_driver_soft_iic.o
    0x0800637e   0x0800637e   0x00000002   PAD
    0x08006380   0x08006380   0x000000da   Code   RO          505    .text.soft_iic_stop  zf_driver_soft_iic.o
    0x0800645a   0x0800645a   0x00000002   PAD
    0x0800645c   0x0800645c   0x000000f8   Code   RO          549    .text.soft_iic_wait_ack  zf_driver_soft_iic.o
    0x08006554   0x08006554   0x00000056   Code   RO          513    .text.soft_iic_write_8bit_register  zf_driver_soft_iic.o
    0x080065aa   0x080065aa   0x00000002   PAD
    0x080065ac   0x080065ac   0x00000366   Code   RO          647    .text.spi_init      zf_driver_spi.o
    0x08006912   0x08006912   0x00000002   PAD
    0x08006914   0x08006914   0x000000b8   Code   RO          615    .text.spi_write_16bit  zf_driver_spi.o
    0x080069cc   0x080069cc   0x00000086   Code   RO          611    .text.spi_write_8bit  zf_driver_spi.o
    0x08006a52   0x08006a52   0x00000002   PAD
    0x08006a54   0x08006a54   0x0000009a   Code   RO          292    .text.system_delay_ms  zf_driver_delay.o
    0x08006aee   0x08006aee   0x00000002   PAD
    0x08006af0   0x08006af0   0x000000b2   Code   RO          668    .text.timer_clear   zf_driver_timer.o
    0x08006ba2   0x08006ba2   0x00000002   PAD
    0x08006ba4   0x08006ba4   0x000000b6   Code   RO          660    .text.timer_clock_enable  zf_driver_timer.o
    0x08006c5a   0x08006c5a   0x00000002   PAD
    0x08006c5c   0x08006c5c   0x0000012a   Code   RO          672    .text.timer_etr_init  zf_driver_timer.o
    0x08006d86   0x08006d86   0x00000002   PAD
    0x08006d88   0x08006d88   0x00000068   Code   RO          658    .text.timer_funciton_check  zf_driver_timer.o
    0x08006df0   0x08006df0   0x000000b6   Code   RO          666    .text.timer_get     zf_driver_timer.o
    0x08006ea6   0x08006ea6   0x00000002   PAD
    0x08006ea8   0x08006ea8   0x000000e0   Code   RO         1384    .text.tsl1401_collect_pit_handler  zf_device_tsl1401.o
    0x08006f88   0x08006f88   0x00000002   Code   RO         1400    .text.type_default_callback  zf_device_type.o
    0x08006f8a   0x08006f8a   0x00000002   PAD
    0x08006f8c   0x08006f8c   0x0000028c   Code   RO          698    .text.uart_init     zf_driver_uart.o
    0x08007218   0x08007218   0x00000066   Code   RO          692    .text.uart_query_byte  zf_driver_uart.o
    0x0800727e   0x0800727e   0x00000002   PAD
    0x08007280   0x08007280   0x000000a0   Code   RO          696    .text.uart_rx_interrupt  zf_driver_uart.o
    0x08007320   0x08007320   0x0000006c   Code   RO          686    .text.uart_write_buffer  zf_driver_uart.o
    0x0800738c   0x0800738c   0x00000040   Code   RO          684    .text.uart_write_byte  zf_driver_uart.o
    0x080073cc   0x080073cc   0x00000040   Code   RO          688    .text.uart_write_string  zf_driver_uart.o
    0x0800740c   0x0800740c   0x00000028   Code   RO         2543    i.__0sprintf        mc_w.l(printfa.o)
    0x08007434   0x08007434   0x0000000e   Code   RO         2703    i.__scatterload_copy  mc_w.l(handlers.o)
    0x08007442   0x08007442   0x00000002   Code   RO         2704    i.__scatterload_null  mc_w.l(handlers.o)
    0x08007444   0x08007444   0x0000000e   Code   RO         2705    i.__scatterload_zeroinit  mc_w.l(handlers.o)
    0x08007452   0x08007452   0x00000002   PAD
    0x08007454   0x08007454   0x00000184   Code   RO         2548    i._fp_digits        mc_w.l(printfa.o)
    0x080075d8   0x080075d8   0x000006dc   Code   RO         2549    i._printf_core      mc_w.l(printfa.o)
    0x08007cb4   0x08007cb4   0x00000024   Code   RO         2550    i._printf_post_padding  mc_w.l(printfa.o)
    0x08007cd8   0x08007cd8   0x0000002e   Code   RO         2551    i._printf_pre_padding  mc_w.l(printfa.o)
    0x08007d06   0x08007d06   0x0000000a   Code   RO         2553    i._sputc            mc_w.l(printfa.o)
    0x08007d10   0x08007d10   0x000000ac   Data   RO          161    .rodata..L__const.debug_protective_handler.pin_list  zf_common_debug.o
    0x08007dbc   0x08007dbc   0x00000228   Data   RO          198    .rodata.ascii_font_6x8  zf_common_font.o
    0x08007fe4   0x08007fe4   0x000005f0   Data   RO          197    .rodata.ascii_font_8x16  zf_common_font.o
    0x080085d4   0x080085d4   0x000000bf   Data   RO           32    .rodata.str1.1      main.o
    0x08008693   0x08008693   0x00000066   Data   RO          159    .rodata.str1.1      zf_common_debug.o
    0x080086f9   0x080086f9   0x0000002b   Data   RO          189    .rodata.str1.1      zf_common_fifo.o
    0x08008724   0x08008724   0x0000002f   Data   RO          239    .rodata.str1.1      zf_common_function.o
    0x08008753   0x08008753   0x0000002c   Data   RO          296    .rodata.str1.1      zf_driver_delay.o
    0x0800877f   0x0800877f   0x0000002e   Data   RO          329    .rodata.str1.1      zf_driver_encoder.o
    0x080087ad   0x080087ad   0x0000002a   Data   RO          453    .rodata.str1.1      zf_driver_pit.o
    0x080087d7   0x080087d7   0x0000002f   Data   RO          553    .rodata.str1.1      zf_driver_soft_iic.o
    0x08008806   0x08008806   0x0000002a   Data   RO          650    .rodata.str1.1      zf_driver_spi.o
    0x08008830   0x08008830   0x0000002c   Data   RO          676    .rodata.str1.1      zf_driver_timer.o
    0x0800885c   0x0800885c   0x0000002b   Data   RO          701    .rodata.str1.1      zf_driver_uart.o
    0x08008887   0x08008887   0x00000008   Data   RO          875    .rodata.str1.1      zf_device_gps_tau1201.o
    0x0800888f   0x0800888f   0x0000002d   Data   RO         1108    .rodata.str1.1      zf_device_ips200.o
    0x080088bc   0x080088bc   0x00000062   Data   RO         1189    .rodata.str1.1      zf_device_mt9v03x.o
    0x0800891e   0x0800891e   0x00000002   PAD
    0x08008920   0x08008920   0x00000020   Data   RO         2702    Region$$Table       anon$$obj.o


    Execution Region RW_m_data (Exec base: 0x20000000, Load base: 0x08008940, Size: 0x0000b4f8, Max: 0x0001dc00, ABSOLUTE)

    Exec Addr    Load Addr    Size         Type   Attr      Idx    E Section Name        Object

    0x20000000   0x08008940   0x00000004   Data   RW           24    .data.G_Num         main.o
    0x20000004   0x08008944   0x00000004   Data   RW           30    .data.Kd            main.o
    0x20000008   0x08008948   0x00000004   Data   RW           29    .data.Ki            main.o
    0x2000000c   0x0800894c   0x00000004   Data   RW           28    .data.Kp            main.o
    0x20000010   0x08008950   0x00000004   Data   RW           31    .data.Speed         main.o
    0x20000014   0x08008954   0x00000008   Data   RW          282    .data.adc_index     zf_driver_adc.o
    0x2000001c   0x0800895c   0x00000004   Data   RW         1409    .data.camera_dma_handler  zf_device_type.o
    0x20000020   0x08008960   0x00000004   Data   RW         1407    .data.camera_uart_handler  zf_device_type.o
    0x20000024   0x08008964   0x00000004   Data   RW         1408    .data.camera_vsync_handler  zf_device_type.o
    0x20000028   0x08008968   0x00000002   Data   RW          811    .data.dl1a_distance_mm  zf_device_dl1a.o
    0x2000002a   0x0800896a   0x00000002   Data   RW          834    .data.dm1xa_distance_mm  zf_device_dm1xa.o
    0x2000002c   0x0800896c   0x00000008   Data   RW          312    .data.dma_index     zf_driver_dma.o
    0x20000034   0x08008974   0x00000020   Data   RW          385    .data.gpio_group    zf_driver_gpio.o
    0x20000054   0x08008994   0x00000002   Data   RW         1104    .data.ips200_bgcolor  zf_device_ips200.o
    0x20000056   0x08008996   0x00000001   Data   RW         1106    .data.ips200_display_font  zf_device_ips200.o
    0x20000057   0x08008997   0x00000001   PAD
    0x20000058   0x08008998   0x00000002   Data   RW         1107    .data.ips200_pencolor  zf_device_ips200.o
    0x2000005a   0x0800899a   0x00000002   Data   RW         1102    .data.ips200_x_max  zf_device_ips200.o
    0x2000005c   0x0800899c   0x00000002   Data   RW         1103    .data.ips200_y_max  zf_device_ips200.o
    0x2000005e   0x0800899e   0x00000001   Data   RW         1110    .data.ips_bl_pin    zf_device_ips200.o
    0x2000005f   0x0800899f   0x00000001   Data   RW         1101    .data.ips_cs_pin    zf_device_ips200.o
    0x20000060   0x080089a0   0x00000001   Data   RW         1109    .data.ips_rst_pin   zf_device_ips200.o
    0x20000061   0x080089a1   0x00000001   PAD
    0x20000062   0x080089a2   0x00000024   Data   RW         1190    .data.mt9v03x_get_confing_buffer  zf_device_mt9v03x.o
    0x20000086   0x080089c6   0x00000028   Data   RW         1187    .data.mt9v03x_set_confing_buffer  zf_device_mt9v03x.o
    0x200000ae   0x080089ee   0x00000001   Data   RW         1186    .data.mt9v03x_type  zf_device_mt9v03x.o
    0x200000af   0x080089ef   0x00000001   PAD
    0x200000b0   0x080089f0   0x00000008   Data   RW          649    .data.spi_index     zf_driver_spi.o
    0x200000b8   0x080089f8   0x00000004   Data   RW          122    .data.system_clock  zf_common_clock.o
    0x200000bc   0x080089fc   0x00000020   Data   RW          700    .data.uart_index    zf_driver_uart.o
    0x200000dc   0x08008a1c   0x00000008   Data   RW          703    .data.uart_irq      zf_driver_uart.o
    0x200000e4   0x08008a24   0x00000004   Data   RW         1411    .data.wireless_module_uart_handler  zf_device_type.o
    0x200000e8   0x08008a28   0x00000001   Data   RW          157    .data.zf_debug_assert_enable  zf_common_debug.o
    0x200000e9   0x08008a29   0x00000003   PAD
    0x200000ec        -       0x00000001   Zero   RW           25    .bss.C_Num          main.o
    0x200000ed        -       0x00000001   Zero   RW           23    .bss.T_Counter      main.o
    0x200000ee        -       0x00000002   Zero   RW          283    .bss.adc_resolution  zf_driver_adc.o
    0x200000f0        -       0x00000008   Zero   RW          772    .bss.camera_receiver_buffer  zf_device_camera.o
    0x200000f8        -       0x00000018   Zero   RW          771    .bss.camera_receiver_fifo  zf_device_camera.o
    0x20000110        -       0x00000001   Zero   RW         1406    .bss.camera_type    zf_device_type.o
    0x20000111        -       0x00000001   Zero   RW          158    .bss.debug_assert_handler.assert_nest_index  zf_common_debug.o
    0x20000112   0x08008a29   0x00000002   PAD
    0x20000114        -       0x00000014   Zero   RW          160    .bss.debug_output_info  zf_common_debug.o
    0x20000128        -       0x00000001   Zero   RW          810    .bss.dl1a_finsh_flag  zf_device_dl1a.o
    0x20000129   0x08008a29   0x00000003   PAD
    0x2000012c        -       0x00000010   Zero   RW          812    .bss.dl1a_iic_struct  zf_device_dl1a.o
    0x2000013c        -       0x00000004   Zero   RW          832    .bss.dm1xa_plus_count  zf_device_dm1xa.o
    0x20000140        -       0x00000001   Zero   RW          833    .bss.dm1xa_ranging_state  zf_device_dm1xa.o
    0x20000141        -       0x00000001   Zero   RW          831    .bss.dm1xa_type     zf_device_dm1xa.o
    0x20000142        -       0x00000080   Zero   RW          872    .bss.gps_gga_buffer  zf_device_gps_tau1201.o
    0x200001c2        -       0x00000001   Zero   RW          867    .bss.gps_gga_state  zf_device_gps_tau1201.o
    0x200001c3        -       0x00000080   Zero   RW          870    .bss.gps_rmc_buffer  zf_device_gps_tau1201.o
    0x20000243        -       0x00000001   Zero   RW          868    .bss.gps_rmc_state  zf_device_gps_tau1201.o
    0x20000244        -       0x00000001   Zero   RW          866    .bss.gps_tau1201_flag  zf_device_gps_tau1201.o
    0x20000245   0x08008a29   0x00000003   PAD
    0x20000248        -       0x00000018   Zero   RW          874    .bss.gps_tau1201_receiver_fifo  zf_device_gps_tau1201.o
    0x20000260        -       0x00000001   Zero   RW          873    .bss.gps_tau1201_state  zf_device_gps_tau1201.o
    0x20000261        -       0x00005820   Zero   RW         1192    .bss.image_copy     zf_device_mt9v03x.o
    0x20005a81   0x08008a29   0x00000003   PAD
    0x20005a84        -       0x00000004   Zero   RW          268    .bss.interrupt_nest_count  zf_common_interrupt.o
    0x20005a88        -       0x00000001   Zero   RW         1105    .bss.ips200_display_dir  zf_device_ips200.o
    0x20005a89        -       0x00000001   Zero   RW         1100    .bss.ips200_display_type  zf_device_ips200.o
    0x20005a8a        -       0x00000001   Zero   RW         1185    .bss.mt9v03x_finish_flag  zf_device_mt9v03x.o
    0x20005a8b   0x08008a29   0x00000001   PAD
    0x20005a8c        -       0x00000004   Zero   RW         2482    .bss.mt9v03x_h_blank  zf_device_config.lib(zf_device_config.o)
    0x20005a90        -       0x00000010   Zero   RW         2480    .bss.mt9v03x_iic_inf_struct  zf_device_config.lib(zf_device_config.o)
    0x20005aa0        -       0x00005820   Zero   RW         1191    .bss.mt9v03x_image  zf_device_mt9v03x.o
    0x2000b2c0        -       0x00000014   Zero   RW         2481    .bss.mt9v03x_init_config  zf_device_config.lib(zf_device_config.o)
    0x2000b2d4        -       0x00000004   Zero   RW         2483    .bss.mt9v03x_v_blank  zf_device_config.lib(zf_device_config.o)
    0x2000b2d8        -       0x00000002   Zero   RW         1188    .bss.mt9v03x_version  zf_device_mt9v03x.o
    0x2000b2da        -       0x00000008   Zero   RW          674    .bss.timer_function_state  zf_driver_timer.o
    0x2000b2e2        -       0x00000008   Zero   RW          675    .bss.timer_mode_state  zf_driver_timer.o
    0x2000b2ea        -       0x00000200   Zero   RW         1391    .bss.tsl1401_data   zf_device_tsl1401.o
    0x2000b4ea        -       0x00000001   Zero   RW         1392    .bss.tsl1401_finish_flag  zf_device_tsl1401.o
    0x2000b4eb        -       0x00000001   Zero   RW         1390    .bss.tsl1401_init_state  zf_device_tsl1401.o
    0x2000b4ec        -       0x00000008   Zero   RW          702    .bss.uart_interrupt_state  zf_driver_uart.o
    0x2000b4f4        -       0x00000001   Zero   RW          156    .bss.zf_debug_init_flag  zf_common_debug.o


    Execution Region ARM_LIB_HEAP (Exec base: 0x2000b4f8, Load base: 0x08008a2c, Size: 0x00000400, Max: 0x00000400, ABSOLUTE)

    Exec Addr    Load Addr    Size         Type   Attr      Idx    E Section Name        Object

    0x2000b4f8        -       0x00000400   Zero   RW            1    ARM_LIB_HEAP.bss    anon$$obj.o


    Execution Region ARM_LIB_STACK (Exec base: 0x2001e000, Load base: 0x08008a2c, Size: 0x00002000, Max: 0x00002000, ABSOLUTE)

    Exec Addr    Load Addr    Size         Type   Attr      Idx    E Section Name        Object

    0x2001e000        -       0x00002000   Zero   RW            2    ARM_LIB_STACK.bss   anon$$obj.o


==============================================================================

Image component sizes


      Code (inc. data)   RO Data    RW Data    ZI Data      Debug   Object Name

      1700          0          0          0          0       6382   isr.o
      2020         16        191         20          2       6054   main.o
        36          8        400          0          0        828   startup_mm32f3277g.o
        16          0          0          0          0        407   system_mm32f3277g.o
       796          0          0          4          0       2894   zf_common_clock.o
      1614          0        274          1         22       8146   zf_common_debug.o
      1602          0         43          0          0       5414   zf_common_fifo.o
         0          0       2072          0          0        723   zf_common_font.o
       308          0         47          0          0       8017   zf_common_function.o
       344          0          0          0          4       4631   zf_common_interrupt.o
       230          0          0          0         32       5178   zf_device_camera.o
       166          0          0          2         17       7676   zf_device_dl1a.o
       314          4          0          2          6       3517   zf_device_dm1xa.o
       314          0          8          0        284       8135   zf_device_gps_tau1201.o
      4518          4         45         12          2      12086   zf_device_ips200.o
      1258          0         98         77      45123       7031   zf_device_mt9v03x.o
       224          0          0          0        514       3502   zf_device_tsl1401.o
       140          0          0         16          1       1510   zf_device_type.o
       150          0          0          8          2       4680   zf_driver_adc.o
       154          0         44          0          0       1187   zf_driver_delay.o
       490         22          0          8          0       4104   zf_driver_dma.o
       346          8         46          0          0       5930   zf_driver_encoder.o
       672         28          0          0          0       5100   zf_driver_exti.o
      1016          0          0         32          0       4797   zf_driver_gpio.o
       306          8         42          0          0       5075   zf_driver_pit.o
      2204          0         47          0          0       8779   zf_driver_soft_iic.o
      1188          4         42          8          0       8653   zf_driver_spi.o
       944         32         44          0         16       7404   zf_driver_timer.o
      1150          8         43         40          8       7456   zf_driver_uart.o

    ----------------------------------------------------------------------
     24380        142       3520        236      55264     155296   Object Totals
         0          0         32          0       9216          0   (incl. Generated)
       160          0          2          6         15          0   (incl. Padding)

    ----------------------------------------------------------------------

      Code (inc. data)   RO Data    RW Data    ZI Data      Debug   Library Member Name

         0          0          0          0          0          0   entry.o
         0          0          0          0          0          0   entry10a.o
         0          0          0          0          0          0   entry11a.o
         8          4          0          0          0          0   entry4.o
         4          0          0          0          0          0   entry5.o
         0          0          0          0          0          0   entry7b.o
         0          0          0          0          0          0   entry8b.o
         8          4          0          0          0          0   entry9a.o
        30          0          0          0          0          0   handlers.o
        48         10          0          0          0         68   init.o
         0          0          0          0          0          0   iusefp.o
        30          0          0          0          0         68   llshl.o
        36          0          0          0          0         68   llsshr.o
        32          0          0          0          0         68   llushr.o
        36          0          0          0          0         68   memcpya.o
        36          0          0          0          0        108   memseta.o
      2276         86          0          0          0        520   printfa.o
        14          0          0          0          0         68   strlen.o
        30          0          0          0          0         80   strncmp.o
        44          0          0          0          0         80   uidiv.o
        98          0          0          0          0         92   uldiv.o
        48          0          0          0          0         68   cdrcmple.o
       334          0          0          0          0        148   dadd.o
       222          0          0          0          0        100   ddiv.o
       186          0          0          0          0        176   depilogue.o
        62          0          0          0          0         80   dfixi.o
        48          0          0          0          0         68   dfixul.o
       228          0          0          0          0         96   dmul.o
        38          0          0          0          0         68   f2d.o
       110          0          0          0          0        168   fepilogue.o
        10          0          0          0          0         68   ffltui.o
      2588          0          0          0         44       3849   zf_device_config.o

    ----------------------------------------------------------------------
      6612        104          0          0         44       6177   Library Totals
         8          0          0          0          0          0   (incl. Padding)

    ----------------------------------------------------------------------

      Code (inc. data)   RO Data    RW Data    ZI Data      Debug   Library Name

      2730        104          0          0          0       1288   mc_w.l
      1286          0          0          0          0       1040   mf_w.l
      2588          0          0          0         44       3849   zf_device_config.lib

    ----------------------------------------------------------------------
      6612        104          0          0         44       6177   Library Totals

    ----------------------------------------------------------------------

==============================================================================


      Code (inc. data)   RO Data    RW Data    ZI Data      Debug   

     30992        246       3520        236      55308     159889   Grand Totals
     30992        246       3520        236      55308     159889   ELF Image Totals
     30992        246       3520        236          0          0   ROM Totals

==============================================================================

    Total RO  Size (Code + RO Data)                34512 (  33.70kB)
    Total RW  Size (RW Data + ZI Data)             55544 (  54.24kB)
    Total ROM Size (Code + RO Data + RW Data)      34748 (  33.93kB)

==============================================================================

